Component: Arm Compiler for Embedded 6.21 Tool: armlink [5ec1fa00]

==============================================================================

Section Cross References

    dinosaur.o(.text.Draw_MenuInfo) refers to font.o(.rodata.OLED_Font8x16) for OLED_Font8x16
    dinosaur.o(.text.Draw_MenuInfo) refers to dinosaur.o(.rodata.Dinosaur_Jump_Image) for Dinosaur_Jump_Image
    dinosaur.o(.text.Draw_MenuInfo) refers to oled.o(.text.Oled_Set_GramLayers) for Oled_Set_GramLayers
    dinosaur.o(.text.Draw_MenuInfo) refers to oled.o(.text.Oled_ClearFrame) for Oled_ClearFrame
    dinosaur.o(.text.Draw_MenuInfo) refers to oled.o(.text.OLED_DrawFilledCircle) for OLED_DrawFilledCircle
    dinosaur.o(.text.Draw_MenuInfo) refers to oled.o(.text.Oled_GramLayers_Mix) for Oled_GramLayers_Mix
    dinosaur.o(.text.Draw_MenuInfo) refers to oled.o(.text.Oled_DrawString) for Oled_DrawString
    dinosaur.o(.text.Draw_MenuInfo) refers to oled.o(.text.Oled_DrawImage) for Oled_DrawImage
    dinosaur.o(.text.Draw_MenuInfo) refers to oled.o(.text.Oled_ShowFrame) for Oled_ShowFrame
    dinosaur.o(.ARM.exidx.text.Draw_MenuInfo) refers to dinosaur.o(.text.Draw_MenuInfo) for [Anonymous Symbol]
    dinosaur.o(.text.Dinosaur_AppStart) refers to key.o(.text.KeyCode_Init) for KeyCode_Init
    dinosaur.o(.text.Dinosaur_AppStart) refers to dinosaur.o(.text.Draw_MenuInfo) for Draw_MenuInfo
    dinosaur.o(.text.Dinosaur_AppStart) refers to dinosaur.o(.data.Dinosaur_KeyCode) for Dinosaur_KeyCode
    dinosaur.o(.text.Dinosaur_AppStart) refers to key.o(.text.Is_KeyPressed) for Is_KeyPressed
    dinosaur.o(.text.Dinosaur_AppStart) refers to dinosaur.o(.data.Get_RandomNum.RandNum) for Get_RandomNum.RandNum
    dinosaur.o(.text.Dinosaur_AppStart) refers to rand.o(.text) for srand
    dinosaur.o(.text.Dinosaur_AppStart) refers to dinosaur.o(.rodata.Tree_Small_Image) for Tree_Small_Image
    dinosaur.o(.text.Dinosaur_AppStart) refers to dinosaur.o(.rodata.Tree_Big_Image) for Tree_Big_Image
    dinosaur.o(.text.Dinosaur_AppStart) refers to oled.o(.text.Oled_ShowFrame) for Oled_ShowFrame
    dinosaur.o(.text.Dinosaur_AppStart) refers to oled.o(.text.Oled_ClearFrame) for Oled_ClearFrame
    dinosaur.o(.text.Dinosaur_AppStart) refers to dinosaur.o(.rodata.str1.1) for .L.str.3
    dinosaur.o(.text.Dinosaur_AppStart) refers to printfa.o(i.__0sprintf) for __2sprintf
    dinosaur.o(.text.Dinosaur_AppStart) refers to strlen.o(.text) for strlen
    dinosaur.o(.text.Dinosaur_AppStart) refers to font.o(.rodata.OLED_Font8x16) for OLED_Font8x16
    dinosaur.o(.text.Dinosaur_AppStart) refers to oled.o(.text.Oled_DrawString) for Oled_DrawString
    dinosaur.o(.text.Dinosaur_AppStart) refers to dinosaur.o(.rodata.Time_Distance) for Time_Distance
    dinosaur.o(.text.Dinosaur_AppStart) refers to oled.o(.text.Oled_DrawImage) for Oled_DrawImage
    dinosaur.o(.text.Dinosaur_AppStart) refers to oled.o(.text.Oled_DrawLine) for Oled_DrawLine
    dinosaur.o(.text.Dinosaur_AppStart) refers to dinosaur.o(.bss.High_Score) for High_Score
    dinosaur.o(.text.Dinosaur_AppStart) refers to dinosaur.o(.rodata.Dinosaur_FrontLeg_Image) for Dinosaur_FrontLeg_Image
    dinosaur.o(.text.Dinosaur_AppStart) refers to dinosaur.o(.rodata.Dinosaur_BackLeg_Image) for Dinosaur_BackLeg_Image
    dinosaur.o(.text.Dinosaur_AppStart) refers to dinosaur.o(.rodata.Dinosaur_Jump_Image) for Dinosaur_Jump_Image
    dinosaur.o(.text.Dinosaur_AppStart) refers to dinosaur.o(.rodata.Dinosaur_Crashed_Image) for Dinosaur_Crashed_Image
    dinosaur.o(.ARM.exidx.text.Dinosaur_AppStart) refers to dinosaur.o(.text.Dinosaur_AppStart) for [Anonymous Symbol]
    dinosaur.o(.text.DINO_App_Install) refers to dinosaur.o(.data.DINO) for DINO
    dinosaur.o(.text.DINO_App_Install) refers to appmanager.o(.text.App_install) for App_install
    dinosaur.o(.ARM.exidx.text.DINO_App_Install) refers to dinosaur.o(.text.DINO_App_Install) for [Anonymous Symbol]
    dinosaur.o(.rodata.Dinosaur_Crashed_Image) refers to dinosaur.o(.rodata.dino_crashedData) for dino_crashedData
    dinosaur.o(.rodata.Dinosaur_FrontLeg_Image) refers to dinosaur.o(.rodata.dino_front_legData) for dino_front_legData
    dinosaur.o(.rodata.Dinosaur_BackLeg_Image) refers to dinosaur.o(.rodata.dino_back_legData) for dino_back_legData
    dinosaur.o(.rodata.Dinosaur_Jump_Image) refers to dinosaur.o(.rodata.dino_jumpsData) for dino_jumpsData
    dinosaur.o(.rodata.Tree_Small_Image) refers to dinosaur.o(.rodata.tree_smallData) for tree_smallData
    dinosaur.o(.rodata.Tree_Big_Image) refers to dinosaur.o(.rodata.tree_bigData) for tree_bigData
    dinosaur.o(.data.DINO) refers to dinosaur.o(.rodata.str1.1) for [Anonymous Symbol]
    dinosaur.o(.data.DINO) refers to appicon.o(.rodata.App_Dinosaur_Icon) for App_Dinosaur_Icon
    dinosaur.o(.data.DINO) refers to dinosaur.o(.text.Dinosaur_AppStart) for Dinosaur_AppStart
    dinosaur.o(app.1) refers to dinosaur.o(.text.DINO_App_Install) for DINO_App_Install
[...]
    ../fplib/microlib/fpadd.c                0x00000000   Number         0  fadd.o ABSOLUTE
    ../fplib/microlib/fpadd.c                0x00000000   Number         0  dadd.o ABSOLUTE
    ../fplib/microlib/fpcmp.c                0x00000000   Number         0  fcmple.o ABSOLUTE
    ../fplib/microlib/fpcmp.c                0x00000000   Number         0  fcmplt.o ABSOLUTE
    ../fplib/microlib/fpcmp.c                0x00000000   Number         0  fcmpge.o ABSOLUTE
    ../fplib/microlib/fpcmp.c                0x00000000   Number         0  fcmpgt.o ABSOLUTE
    ../fplib/microlib/fpdiv.c                0x00000000   Number         0  fdiv.o ABSOLUTE
    ../fplib/microlib/fpdiv.c                0x00000000   Number         0  ddiv.o ABSOLUTE
    ../fplib/microlib/fpepilogue.c           0x00000000   Number         0  fepilogue.o ABSOLUTE
    ../fplib/microlib/fpepilogue.c           0x00000000   Number         0  depilogue.o ABSOLUTE
    ../fplib/microlib/fpfix.c                0x00000000   Number         0  ffixi.o ABSOLUTE
    ../fplib/microlib/fpfix.c                0x00000000   Number         0  dfixul.o ABSOLUTE
    ../fplib/microlib/fpflt.c                0x00000000   Number         0  fflti.o ABSOLUTE
    ../fplib/microlib/fpmul.c                0x00000000   Number         0  fmul.o ABSOLUTE
    ../fplib/microlib/fpmul.c                0x00000000   Number         0  dmul.o ABSOLUTE
    AppIcon.c                                0x00000000   Number         0  appicon.o ABSOLUTE
    AppManager.c                             0x00000000   Number         0  appmanager.o ABSOLUTE
    Delay.c                                  0x00000000   Number         0  delay.o ABSOLUTE
    Servo.c                                  0x00000000   Number         0  servo.o ABSOLUTE
    ServoContrl.c                            0x00000000   Number         0  servocontrl.o ABSOLUTE
    Start/src/startup_stm32f10x_md.s         0x00000000   Number         0  startup_stm32f10x_md.o ABSOLUTE
    YangSystem.c                             0x00000000   Number         0  yangsystem.o ABSOLUTE
    cdrcmple.s                               0x00000000   Number         0  cdrcmple.o ABSOLUTE
    clock.c                                  0x00000000   Number         0  clock.o ABSOLUTE
    dc.s                                     0x00000000   Number         0  dc.o ABSOLUTE
    dinosaur.c                               0x00000000   Number         0  dinosaur.o ABSOLUTE
    encoder.c                                0x00000000   Number         0  encoder.o ABSOLUTE
    font.c                                   0x00000000   Number         0  font.o ABSOLUTE
    gpio.c                                   0x00000000   Number         0  gpio.o ABSOLUTE
    handlers.s                               0x00000000   Number         0  handlers.o ABSOLUTE
    i2c.c                                    0x00000000   Number         0  i2c.o ABSOLUTE
    init.s                                   0x00000000   Number         0  init.o ABSOLUTE
    interrupt.c                              0x00000000   Number         0  interrupt.o ABSOLUTE
    key.c                                    0x00000000   Number         0  key.o ABSOLUTE
    log.c                                    0x00000000   Number         0  log.o ABSOLUTE
    main.c                                   0x00000000   Number         0  main.o ABSOLUTE
    misc.c                                   0x00000000   Number         0  misc.o ABSOLUTE
    module.c                                 0x00000000   Number         0  module.o ABSOLUTE
    mpu6050.c                                0x00000000   Number         0  mpu6050.o ABSOLUTE
    oled.c                                   0x00000000   Number         0  oled.o ABSOLUTE
    pwm.c                                    0x00000000   Number         0  pwm.o ABSOLUTE
    serial.c                                 0x00000000   Number         0  serial.o ABSOLUTE
    stm32f10x_adc.c                          0x00000000   Number         0  stm32f10x_adc.o ABSOLUTE
    stm32f10x_bkp.c                          0x00000000   Number         0  stm32f10x_bkp.o ABSOLUTE
    stm32f10x_can.c                          0x00000000   Number         0  stm32f10x_can.o ABSOLUTE
    stm32f10x_cec.c                          0x00000000   Number         0  stm32f10x_cec.o ABSOLUTE
    stm32f10x_crc.c                          0x00000000   Number         0  stm32f10x_crc.o ABSOLUTE
    stm32f10x_dac.c                          0x00000000   Number         0  stm32f10x_dac.o ABSOLUTE
    stm32f10x_dbgmcu.c                       0x00000000   Number         0  stm32f10x_dbgmcu.o ABSOLUTE
    stm32f10x_dma.c                          0x00000000   Number         0  stm32f10x_dma.o ABSOLUTE
    stm32f10x_exti.c                         0x00000000   Number         0  stm32f10x_exti.o ABSOLUTE
    stm32f10x_flash.c                        0x00000000   Number         0  stm32f10x_flash.o ABSOLUTE
    stm32f10x_fsmc.c                         0x00000000   Number         0  stm32f10x_fsmc.o ABSOLUTE
    stm32f10x_gpio.c                         0x00000000   Number         0  stm32f10x_gpio.o ABSOLUTE
    stm32f10x_i2c.c                          0x00000000   Number         0  stm32f10x_i2c.o ABSOLUTE
    stm32f10x_it.c                           0x00000000   Number         0  stm32f10x_it.o ABSOLUTE
    stm32f10x_iwdg.c                         0x00000000   Number         0  stm32f10x_iwdg.o ABSOLUTE
    stm32f10x_pwr.c                          0x00000000   Number         0  stm32f10x_pwr.o ABSOLUTE
    stm32f10x_rcc.c                          0x00000000   Number         0  stm32f10x_rcc.o ABSOLUTE
    stm32f10x_rtc.c                          0x00000000   Number         0  stm32f10x_rtc.o ABSOLUTE
    stm32f10x_sdio.c                         0x00000000   Number         0  stm32f10x_sdio.o ABSOLUTE
    stm32f10x_spi.c                          0x00000000   Number         0  stm32f10x_spi.o ABSOLUTE
    stm32f10x_tim.c                          0x00000000   Number         0  stm32f10x_tim.o ABSOLUTE
    stm32f10x_usart.c                        0x00000000   Number         0  stm32f10x_usart.o ABSOLUTE
    stm32f10x_wwdg.c                         0x00000000   Number         0  stm32f10x_wwdg.o ABSOLUTE
    system_stm32f10x.c                       0x00000000   Number         0  system_stm32f10x.o ABSOLUTE
    RESET                                    0x08000000   Section      236  startup_stm32f10x_md.o(RESET)
    .ARM.Collect$$$$00000000                 0x080000ec   Section        0  entry.o(.ARM.Collect$$$$00000000)
    .ARM.Collect$$$$00000001                 0x080000ec   Section        4  entry2.o(.ARM.Collect$$$$00000001)
    .ARM.Collect$$$$00000004                 0x080000f0   Section        4  entry5.o(.ARM.Collect$$$$00000004)
    .ARM.Collect$$$$00000008                 0x080000f4   Section        0  entry7b.o(.ARM.Collect$$$$00000008)
    .ARM.Collect$$$$0000000A                 0x080000f4   Section        0  entry8b.o(.ARM.Collect$$$$0000000A)
    .ARM.Collect$$$$0000000B                 0x080000f4   Section        8  entry9a.o(.ARM.Collect$$$$0000000B)
    __lit__00000000                          0x080000fc   Data           4  entry2.o(.ARM.Collect$$$$00002712)
    .ARM.Collect$$$$0000000D                 0x080000fc   Section        0  entry10a.o(.ARM.Collect$$$$0000000D)
    .ARM.Collect$$$$0000000F                 0x080000fc   Section        0  entry11a.o(.ARM.Collect$$$$0000000F)
    .ARM.Collect$$$$00002712                 0x080000fc   Section        4  entry2.o(.ARM.Collect$$$$00002712)
    .text                                    0x08000100   Section       36  startup_stm32f10x_md.o(.text)
    .text                                    0x08000124   Section        0  rand.o(.text)
    .text                                    0x08000148   Section        0  memcpya.o(.text)
    .text                                    0x0800016c   Section        0  memseta.o(.text)
    .text                                    0x08000190   Section        0  strlen.o(.text)
    .text                                    0x0800019e   Section        0  strcmp.o(.text)
    .text                                    0x080001ba   Section        0  fadd.o(.text)
    .text                                    0x0800026a   Section        0  fmul.o(.text)
    .text                                    0x080002ce   Section        0  fdiv.o(.text)
    .text                                    0x0800034a   Section        0  fcmple.o(.text)
    .text                                    0x08000366   Section        0  fcmplt.o(.text)
    .text                                    0x08000382   Section        0  fcmpge.o(.text)
    .text                                    0x0800039e   Section        0  fcmpgt.o(.text)
    .text                                    0x080003ba   Section        0  fflti.o(.text)
    .text                                    0x080003cc   Section        0  ffixi.o(.text)
    .text                                    0x080003fe   Section        0  f2d.o(.text)
    .text                                    0x08000424   Section        0  uidiv.o(.text)
    .text                                    0x08000450   Section        0  uldiv.o(.text)
    .text                                    0x080004b2   Section        0  iusefp.o(.text)
    .text                                    0x080004b2   Section        0  fepilogue.o(.text)
    .text                                    0x08000520   Section        0  dadd.o(.text)
    .text                                    0x0800066e   Section        0  dmul.o(.text)
    .text                                    0x08000752   Section        0  ddiv.o(.text)
    .text                                    0x08000830   Section        0  dfixul.o(.text)
    .text                                    0x08000860   Section       48  cdrcmple.o(.text)
    .text                                    0x08000890   Section       48  init.o(.text)
    .text                                    0x080008c0   Section        0  llshl.o(.text)
    .text                                    0x080008de   Section        0  llushr.o(.text)
    .text                                    0x080008fe   Section        0  llsshr.o(.text)
    .text                                    0x08000922   Section        0  depilogue.o(.text)
    [Anonymous Symbol]                       0x080009dc   Section        0  appmanager.o(.text.App_install)
    BaiDuYun_App_Install                     0x08000a11   Thumb Code    60  appmanager.o(.text.BaiDuYun_App_Install)
    [Anonymous Symbol]                       0x08000a10   Section        0  appmanager.o(.text.BaiDuYun_App_Install)
    [Anonymous Symbol]                       0x08000a4c   Section        0  stm32f10x_it.o(.text.BusFault_Handler)
    DINO_App_Install                         0x08000a51   Thumb Code    12  dinosaur.o(.text.DINO_App_Install)
    [Anonymous Symbol]                       0x08000a50   Section        0  dinosaur.o(.text.DINO_App_Install)
    [Anonymous Symbol]                       0x08000a5c   Section        0  stm32f10x_it.o(.text.DebugMon_Handler)
    [Anonymous Symbol]                       0x08000a60   Section        0  delay.o(.text.Delay_ms)
    Dinosaur_AppStart                        0x08000aa1   Thumb Code  1608  dinosaur.o(.text.Dinosaur_AppStart)
    [Anonymous Symbol]                       0x08000aa0   Section        0  dinosaur.o(.text.Dinosaur_AppStart)
    [Anonymous Symbol]                       0x08001110   Section        0  dinosaur.o(.text.Draw_MenuInfo)
    END                                      0x080011cd   Thumb Code     2  appmanager.o(.text.END)
    [Anonymous Symbol]                       0x080011cc   Section        0  appmanager.o(.text.END)
    END                                      0x080011d1   Thumb Code     2  module.o(.text.END)
    [Anonymous Symbol]                       0x080011d0   Section        0  module.o(.text.END)
    [Anonymous Symbol]                       0x080011d4   Section        0  key.o(.text.EXTI15_10_IRQHandler)
    [Anonymous Symbol]                       0x08001230   Section        0  stm32f10x_exti.o(.text.EXTI_ClearITPendingBit)
    [Anonymous Symbol]                       0x0800123c   Section        0  stm32f10x_exti.o(.text.EXTI_GetITStatus)
    [Anonymous Symbol]                       0x0800125c   Section        0  stm32f10x_exti.o(.text.EXTI_Init)
    [Anonymous Symbol]                       0x080012c4   Section        0  encoder.o(.text.Encoder_GetCount)
    Encoder_Init                             0x080012d5   Thumb Code   166  encoder.o(.text.Encoder_Init)
    [Anonymous Symbol]                       0x080012d4   Section        0  encoder.o(.text.Encoder_Init)
    Encoder_Module_Init                      0x0800137d   Thumb Code    12  encoder.o(.text.Encoder_Module_Init)
    [Anonymous Symbol]                       0x0800137c   Section        0  encoder.o(.text.Encoder_Module_Init)
    [Anonymous Symbol]                       0x08001388   Section        0  encoder.o(.text.Encoder_SetCount)
    [Anonymous Symbol]                       0x08001398   Section        0  stm32f10x_gpio.o(.text.GPIO_EXTILineConfig)
    [Anonymous Symbol]                       0x080013c8   Section        0  stm32f10x_gpio.o(.text.GPIO_Init)
    [Anonymous Symbol]                       0x08001488   Section        0  stm32f10x_gpio.o(.text.GPIO_ReadInputDataBit)
    [Anonymous Symbol]                       0x08001494   Section        0  stm32f10x_it.o(.text.HardFault_Handler)
    [Anonymous Symbol]                       0x08001498   Section        0  stm32f10x_i2c.o(.text.I2C_CheckEvent)
    [Anonymous Symbol]                       0x080014b0   Section        0  stm32f10x_i2c.o(.text.I2C_Cmd)
    [Anonymous Symbol]                       0x080014c4   Section        0  stm32f10x_i2c.o(.text.I2C_GenerateSTART)
    [Anonymous Symbol]                       0x080014d8   Section        0  stm32f10x_i2c.o(.text.I2C_GenerateSTOP)
    [Anonymous Symbol]                       0x080014ec   Section        0  stm32f10x_i2c.o(.text.I2C_Init)
    [Anonymous Symbol]                       0x080015b8   Section        0  stm32f10x_i2c.o(.text.I2C_Send7bitAddress)
    [Anonymous Symbol]                       0x080015c8   Section        0  stm32f10x_i2c.o(.text.I2C_SendData)
    [Anonymous Symbol]                       0x080015cc   Section        0  i2c.o(.text.I2c_WriteData)
    [Anonymous Symbol]                       0x08001774   Section        0  key.o(.text.Is_KeyPressed)
    [Anonymous Symbol]                       0x080017d4   Section        0  key.o(.text.KeyCode_Init)
    Key_Init                                 0x080017f1   Thumb Code   102  key.o(.text.Key_Init)
    [Anonymous Symbol]                       0x080017f0   Section        0  key.o(.text.Key_Init)
    Key_Module_Init                          0x08001859   Thumb Code    12  key.o(.text.Key_Module_Init)
    [Anonymous Symbol]                       0x08001858   Section        0  key.o(.text.Key_Module_Init)
    MPU6050_Init                             0x08001865   Thumb Code   134  mpu6050.o(.text.MPU6050_Init)
    [Anonymous Symbol]                       0x08001864   Section        0  mpu6050.o(.text.MPU6050_Init)
    MPU6050_Module_Init                      0x080018ed   Thumb Code    12  mpu6050.o(.text.MPU6050_Module_Init)
    [Anonymous Symbol]                       0x080018ec   Section        0  mpu6050.o(.text.MPU6050_Module_Init)
    [Anonymous Symbol]                       0x080018f8   Section        0  appmanager.o(.text.MainSystem)
    [Anonymous Symbol]                       0x08001de8   Section        0  stm32f10x_it.o(.text.MemManage_Handler)
    [Anonymous Symbol]                       0x08001dec   Section        0  module.o(.text.Module_AllInit)
    [Anonymous Symbol]                       0x08001f08   Section        0  module.o(.text.Module_Register)
    [Anonymous Symbol]                       0x08001f1c   Section        0  stm32f10x_it.o(.text.NMI_Handler)
    [Anonymous Symbol]                       0x08001f20   Section        0  misc.o(.text.NVIC_Init)
    [Anonymous Symbol]                       0x08001f80   Section        0  misc.o(.text.NVIC_PriorityGroupConfig)
    [Anonymous Symbol]                       0x08001f94   Section        0  oled.o(.text.OLED_DrawFilledCircle)
    [Anonymous Symbol]                       0x08002120   Section        0  oled.o(.text.Oled_ClearFrame)
    [Anonymous Symbol]                       0x08002138   Section        0  oled.o(.text.Oled_DrawFilledRectangle)
    [Anonymous Symbol]                       0x08002178   Section        0  oled.o(.text.Oled_DrawImage)
    [Anonymous Symbol]                       0x08002194   Section        0  oled.o(.text.Oled_DrawLine)
    [Anonymous Symbol]                       0x0800235c   Section        0  oled.o(.text.Oled_DrawPixel)
    [Anonymous Symbol]                       0x08002394   Section        0  oled.o(.text.Oled_DrawString)
    [Anonymous Symbol]                       0x080023e0   Section        0  oled.o(.text.Oled_GramLayers_Mix)
    Oled_Init                                0x08002469   Thumb Code   554  oled.o(.text.Oled_Init)
    [Anonymous Symbol]                       0x08002468   Section        0  oled.o(.text.Oled_Init)
    Oled_Module_Init                         0x08002695   Thumb Code    12  oled.o(.text.Oled_Module_Init)
    [Anonymous Symbol]                       0x08002694   Section        0  oled.o(.text.Oled_Module_Init)
    [Anonymous Symbol]                       0x080026a0   Section        0  oled.o(.text.Oled_SetBits)
    [Anonymous Symbol]                       0x08002750   Section        0  oled.o(.text.Oled_SetBits_Fine)
    [Anonymous Symbol]                       0x08002860   Section        0  oled.o(.text.Oled_SetBlock)
    [Anonymous Symbol]                       0x0800292c   Section        0  oled.o(.text.Oled_Set_GramLayers)
    [Anonymous Symbol]                       0x08002954   Section        0  oled.o(.text.Oled_ShowFrame)
    [Anonymous Symbol]                       0x080029e8   Section        0  servo.o(.text.PWM_Init)
    [Anonymous Symbol]                       0x08002a68   Section        0  stm32f10x_it.o(.text.PendSV_Handler)
    [Anonymous Symbol]                       0x08002a6c   Section        0  stm32f10x_rcc.o(.text.RCC_APB1PeriphClockCmd)
    [Anonymous Symbol]                       0x08002a84   Section        0  stm32f10x_rcc.o(.text.RCC_APB2PeriphClockCmd)
    [Anonymous Symbol]                       0x08002a9c   Section        0  stm32f10x_rcc.o(.text.RCC_GetClocksFreq)
    START                                    0x08002b29   Thumb Code     2  appmanager.o(.text.START)
    [Anonymous Symbol]                       0x08002b28   Section        0  appmanager.o(.text.START)
    START                                    0x08002b2d   Thumb Code     2  module.o(.text.START)
    [Anonymous Symbol]                       0x08002b2c   Section        0  module.o(.text.START)
    [Anonymous Symbol]                       0x08002b30   Section        0  stm32f10x_it.o(.text.SVC_Handler)
    Serial_Init                              0x08002b35   Thumb Code   118  serial.o(.text.Serial_Init)
    [Anonymous Symbol]                       0x08002b34   Section        0  serial.o(.text.Serial_Init)
    Serial_Module_Init                       0x08002bad   Thumb Code    12  serial.o(.text.Serial_Module_Init)
    [Anonymous Symbol]                       0x08002bac   Section        0  serial.o(.text.Serial_Module_Init)
    ServoContrl_AppStart                     0x08002bb9   Thumb Code   196  servocontrl.o(.text.ServoContrl_AppStart)
    [Anonymous Symbol]                       0x08002bb8   Section        0  servocontrl.o(.text.ServoContrl_AppStart)
    ServoContrl_App_Install                  0x08002c89   Thumb Code    12  servocontrl.o(.text.ServoContrl_App_Install)
    [Anonymous Symbol]                       0x08002c88   Section        0  servocontrl.o(.text.ServoContrl_App_Install)
    [Anonymous Symbol]                       0x08002c94   Section        0  servo.o(.text.Servo_Init)
    Servo_Module_Init                        0x08002c99   Thumb Code    12  servo.o(.text.Servo_Module_Init)
    [Anonymous Symbol]                       0x08002c98   Section        0  servo.o(.text.Servo_Module_Init)
    [Anonymous Symbol]                       0x08002ca4   Section        0  servo.o(.text.Servo_SetAngle)
    [Anonymous Symbol]                       0x08002cd8   Section        0  stm32f10x_it.o(.text.SysTick_Handler)
    [Anonymous Symbol]                       0x08002cdc   Section        0  system_stm32f10x.o(.text.SystemInit)
    [Anonymous Symbol]                       0x08002dec   Section        0  stm32f10x_tim.o(.text.TIM_Cmd)
    [Anonymous Symbol]                       0x08002e00   Section        0  stm32f10x_tim.o(.text.TIM_EncoderInterfaceConfig)
    [Anonymous Symbol]                       0x08002e30   Section        0  stm32f10x_tim.o(.text.TIM_GetCounter)
    [Anonymous Symbol]                       0x08002e34   Section        0  stm32f10x_tim.o(.text.TIM_ICInit)
    [Anonymous Symbol]                       0x080030d4   Section        0  stm32f10x_tim.o(.text.TIM_ICStructInit)
    [Anonymous Symbol]                       0x080030e0   Section        0  stm32f10x_tim.o(.text.TIM_InternalClockConfig)
    [Anonymous Symbol]                       0x080030ec   Section        0  stm32f10x_tim.o(.text.TIM_OC2Init)
    [Anonymous Symbol]                       0x08003160   Section        0  stm32f10x_tim.o(.text.TIM_OCStructInit)
    [Anonymous Symbol]                       0x0800316c   Section        0  stm32f10x_tim.o(.text.TIM_SetCompare2)
    [Anonymous Symbol]                       0x08003170   Section        0  stm32f10x_tim.o(.text.TIM_SetCounter)
    [Anonymous Symbol]                       0x08003174   Section        0  stm32f10x_tim.o(.text.TIM_TimeBaseInit)
    [Anonymous Symbol]                       0x08003220   Section        0  stm32f10x_usart.o(.text.USART_Cmd)
    [Anonymous Symbol]                       0x08003234   Section        0  stm32f10x_usart.o(.text.USART_GetFlagStatus)
    [Anonymous Symbol]                       0x08003240   Section        0  stm32f10x_usart.o(.text.USART_Init)
    [Anonymous Symbol]                       0x080032f8   Section        0  stm32f10x_usart.o(.text.USART_SendData)
    [Anonymous Symbol]                       0x08003300   Section        0  stm32f10x_it.o(.text.UsageFault_Handler)
    [Anonymous Symbol]                       0x08003304   Section        0  log.o(.text.fputc)
    [Anonymous Symbol]                       0x08003328   Section        0  main.o(.text.main)
    i.__0printf                              0x08003374   Section        0  printfa.o(i.__0printf)
    i.__0sprintf                             0x08003394   Section        0  printfa.o(i.__0sprintf)
    i.__scatterload_copy                     0x080033bc   Section       14  handlers.o(i.__scatterload_copy)
    i.__scatterload_null                     0x080033ca   Section        2  handlers.o(i.__scatterload_null)
    i.__scatterload_zeroinit                 0x080033cc   Section       14  handlers.o(i.__scatterload_zeroinit)
    _fp_digits                               0x080033dd   Thumb Code   366  printfa.o(i._fp_digits)
    i._fp_digits                             0x080033dc   Section        0  printfa.o(i._fp_digits)
    _printf_core                             0x08003561   Thumb Code  1744  printfa.o(i._printf_core)
    i._printf_core                           0x08003560   Section        0  printfa.o(i._printf_core)
    _printf_post_padding                     0x08003c3d   Thumb Code    36  printfa.o(i._printf_post_padding)
    i._printf_post_padding                   0x08003c3c   Section        0  printfa.o(i._printf_post_padding)
    _printf_pre_padding                      0x08003c61   Thumb Code    46  printfa.o(i._printf_pre_padding)
    i._printf_pre_padding                    0x08003c60   Section        0  printfa.o(i._printf_pre_padding)
    _sputc                                   0x08003c8f   Thumb Code    10  printfa.o(i._sputc)
    i._sputc                                 0x08003c8e   Section        0  printfa.o(i._sputc)
    ADCPrescTable                            0x08003c98   Data           4  stm32f10x_rcc.o(.rodata.ADCPrescTable)
    [Anonymous Symbol]                       0x08003c98   Section        0  stm32f10x_rcc.o(.rodata.ADCPrescTable)
    APBAHBPrescTable                         0x08003c9c   Data          16  stm32f10x_rcc.o(.rodata.APBAHBPrescTable)
    [Anonymous Symbol]                       0x08003c9c   Section        0  stm32f10x_rcc.o(.rodata.APBAHBPrescTable)
    [Anonymous Symbol]                       0x080047e0   Section        0  dinosaur.o(.rodata.str1.1)
    .L.str.3                                 0x080047e5   Data           9  dinosaur.o(.rodata.str1.1)
    [Anonymous Symbol]                       0x080047ee   Section        0  appmanager.o(.rodata.str1.1)
    [Anonymous Symbol]                       0x080047f7   Section        0  servocontrl.o(.rodata.str1.1)
    [Anonymous Symbol]                       0x08004803   Section        0  oled.o(.rodata.str1.1)
    [Anonymous Symbol]                       0x08004808   Section        0  serial.o(.rodata.str1.1)
    [Anonymous Symbol]                       0x0800480f   Section        0  key.o(.rodata.str1.1)
    [Anonymous Symbol]                       0x08004813   Section        0  encoder.o(.rodata.str1.1)
    [Anonymous Symbol]                       0x0800481b   Section        0  mpu6050.o(.rodata.str1.1)
    [Anonymous Symbol]                       0x08004823   Section        0  servo.o(.rodata.str1.1)
    .L.str.1                                 0x08004829   Data           2  module.o(.rodata.str1.1)
    .L.str.1                                 0x08004829   Data           2  module.o(.rodata.str1.1)
    [Anonymous Symbol]                       0x08004829   Section        0  module.o(.rodata.str1.1)
    .L__func__.Module_PreInit                0x0800482b   Data          15  module.o(.rodata.str1.1)
    .L.str                                   0x0800483a   Data          43  i2c.o(.rodata.str1.1)
    [Anonymous Symbol]                       0x0800483a   Section        0  i2c.o(.rodata.str1.1)
    .L.str.2                                 0x08004865   Data          37  i2c.o(.rodata.str1.1)
    .L__func__.I2c_WaitEvent                 0x0800488a   Data          14  i2c.o(.rodata.str1.1)
    _rand_state                              0x20000000   Data           4  rand.o(.data)
    .data                                    0x20000000   Section        4  rand.o(.data)
    .data                                    0x20000004   Section        4  stdout.o(.data)
    Get_RandomNum.RandNum                    0x2000004c   Data           4  dinosaur.o(.data.Get_RandomNum.RandNum)
    [Anonymous Symbol]                       0x2000004c   Section        0  dinosaur.o(.data.Get_RandomNum.RandNum)
    Key                                      0x20000074   Data          16  key.o(.data.Key)
    [Anonymous Symbol]                       0x20000074   Section        0  key.o(.data.Key)
    Oled                                     0x20000098   Data          16  oled.o(.data.Oled)
    [Anonymous Symbol]                       0x20000098   Section        0  oled.o(.data.Oled)
    Serial                                   0x200000b0   Data          16  serial.o(.data.Serial)
    [Anonymous Symbol]                       0x200000b0   Section        0  serial.o(.data.Serial)
    Servo                                    0x200000c0   Data          16  servo.o(.data.Servo)
    [Anonymous Symbol]                       0x200000c0   Section        0  servo.o(.data.Servo)
    START_App_Install                        0x200000e8   Data           4  appmanager.o(app.0)
    __tagsym$$used.0                         0x200000e8   Number         0  appmanager.o(app.0)
    [Anonymous Symbol]                       0x200000e8   Section        0  appmanager.o(app.0)
    DINO_App_Install_App_Install             0x200000ec   Data           4  dinosaur.o(app.1)
    __tagsym$$used.0                         0x200000ec   Number         0  dinosaur.o(app.1)
    [Anonymous Symbol]                       0x200000ec   Section        0  dinosaur.o(app.1)
    BaiDuYun_App_Install_App_Install         0x200000f0   Data           4  appmanager.o(app.1)
    __tagsym$$used.2                         0x200000f0   Number         0  appmanager.o(app.1)
    [Anonymous Symbol]                       0x200000f0   Section        0  appmanager.o(app.1)
    ServoContrl_App_Install_App_Install      0x200000f4   Data           4  servocontrl.o(app.1)
    __tagsym$$used.0                         0x200000f4   Number         0  servocontrl.o(app.1)
    [Anonymous Symbol]                       0x200000f4   Section        0  servocontrl.o(app.1)
    END_App_Install                          0x200000f8   Data           4  appmanager.o(app.2)
    __tagsym$$used.1                         0x200000f8   Number         0  appmanager.o(app.2)
    [Anonymous Symbol]                       0x200000f8   Section        0  appmanager.o(app.2)
    START_Module_Init                        0x200000fc   Data           4  module.o(module.0)
    __tagsym$$used.0                         0x200000fc   Number         0  module.o(module.0)
    [Anonymous Symbol]                       0x200000fc   Section        0  module.o(module.0)
    Serial_Module_Init_Module_Init           0x20000100   Data           4  serial.o(module.1)
    __tagsym$$used.0                         0x20000100   Number         0  serial.o(module.1)
    [Anonymous Symbol]                       0x20000100   Section        0  serial.o(module.1)
    Oled_Module_Init_Module_Init             0x20000104   Data           4  oled.o(module.3)
    __tagsym$$used.0                         0x20000104   Number         0  oled.o(module.3)
    [Anonymous Symbol]                       0x20000104   Section        0  oled.o(module.3)
    Key_Module_Init_Module_Init              0x20000108   Data           4  key.o(module.3)
    __tagsym$$used.0                         0x20000108   Number         0  key.o(module.3)
    [Anonymous Symbol]                       0x20000108   Section        0  key.o(module.3)
    Encoder_Module_Init_Module_Init          0x2000010c   Data           4  encoder.o(module.3)
    __tagsym$$used.0                         0x2000010c   Number         0  encoder.o(module.3)
    [Anonymous Symbol]                       0x2000010c   Section        0  encoder.o(module.3)
    MPU6050_Module_Init_Module_Init          0x20000110   Data           4  mpu6050.o(module.3)
    __tagsym$$used.0                         0x20000110   Number         0  mpu6050.o(module.3)
    [Anonymous Symbol]                       0x20000110   Section        0  mpu6050.o(module.3)
    Servo_Module_Init_Module_Init            0x20000114   Data           4  servo.o(module.3)
    __tagsym$$used.0                         0x20000114   Number         0  servo.o(module.3)
    [Anonymous Symbol]                       0x20000114   Section        0  servo.o(module.3)
    END_Module_Init                          0x20000118   Data           4  module.o(module.4)
    __tagsym$$used.1                         0x20000118   Number         0  module.o(module.4)
    [Anonymous Symbol]                       0x20000118   Section        0  module.o(module.4)
    High_Score                               0x20000128   Data           4  dinosaur.o(.bss.High_Score)
    [Anonymous Symbol]                       0x20000128   Section        0  dinosaur.o(.bss.High_Score)
    SysInitOver                              0x20000d3c   Data           1  module.o(.bss.SysInitOver)
    [Anonymous Symbol]                       0x20000d3c   Section        0  module.o(.bss.SysInitOver)
    STACK                                    0x20000d40   Section     1024  startup_stm32f10x_md.o(STACK)

    Global Symbols

    Symbol Name                              Value     Ov Type        Size  Object(Section)

    BuildAttributes$$THM_ISAv4$P$D$K$B$S$PE$A:L22UL41UL21$X:L11$S22US41US21$IEEE1$IW$~IW$USESV6$~STKCKD$USESV7$~SHL$OTIME$ROPI$EBA8$MICROLIB$REQ8$PRES8$EABIv2 0x00000000   Number         0  anon$$obj.o ABSOLUTE
    _printf_a                                0x00000000   Number         0  printfstubs.o ABSOLUTE
    _printf_c                                0x00000000   Number         0  printfstubs.o ABSOLUTE
    _printf_charcount                        0x00000000   Number         0  printfstubs.o ABSOLUTE
    _printf_d                                0x00000000   Number         0  printfstubs.o ABSOLUTE
    _printf_e                                0x00000000   Number         0  printfstubs.o ABSOLUTE
    _printf_f                                0x00000000   Number         0  printfstubs.o ABSOLUTE
    _printf_flags                            0x00000000   Number         0  printfstubs.o ABSOLUTE
    _printf_fp_dec                           0x00000000   Number         0  printfstubs.o ABSOLUTE
    _printf_fp_hex                           0x00000000   Number         0  printfstubs.o ABSOLUTE
    _printf_g                                0x00000000   Number         0  printfstubs.o ABSOLUTE
    _printf_i                                0x00000000   Number         0  printfstubs.o ABSOLUTE
    _printf_int_dec                          0x00000000   Number         0  printfstubs.o ABSOLUTE
    _printf_l                                0x00000000   Number         0  printfstubs.o ABSOLUTE
    _printf_lc                               0x00000000   Number         0  printfstubs.o ABSOLUTE
    _printf_ll                               0x00000000   Number         0  printfstubs.o ABSOLUTE
    _printf_lld                              0x00000000   Number         0  printfstubs.o ABSOLUTE
    _printf_lli                              0x00000000   Number         0  printfstubs.o ABSOLUTE
    _printf_llo                              0x00000000   Number         0  printfstubs.o ABSOLUTE
    _printf_llu                              0x00000000   Number         0  printfstubs.o ABSOLUTE
    _printf_llx                              0x00000000   Number         0  printfstubs.o ABSOLUTE
    _printf_longlong_dec                     0x00000000   Number         0  printfstubs.o ABSOLUTE
    _printf_longlong_hex                     0x00000000   Number         0  printfstubs.o ABSOLUTE
    _printf_longlong_oct                     0x00000000   Number         0  printfstubs.o ABSOLUTE
    _printf_ls                               0x00000000   Number         0  printfstubs.o ABSOLUTE
    _printf_mbtowc                           0x00000000   Number         0  printfstubs.o ABSOLUTE
    _printf_n                                0x00000000   Number         0  printfstubs.o ABSOLUTE
    _printf_o                                0x00000000   Number         0  printfstubs.o ABSOLUTE
    _printf_p                                0x00000000   Number         0  printfstubs.o ABSOLUTE
    _printf_percent                          0x00000000   Number         0  printfstubs.o ABSOLUTE
    _printf_pre_padding                      0x00000000   Number         0  printfstubs.o ABSOLUTE
    _printf_return_value                     0x00000000   Number         0  printfstubs.o ABSOLUTE
    _printf_s                                0x00000000   Number         0  printfstubs.o ABSOLUTE
    _printf_sizespec                         0x00000000   Number         0  printfstubs.o ABSOLUTE
    _printf_str                              0x00000000   Number         0  printfstubs.o ABSOLUTE
    _printf_truncate_signed                  0x00000000   Number         0  printfstubs.o ABSOLUTE
    _printf_truncate_unsigned                0x00000000   Number         0  printfstubs.o ABSOLUTE
    _printf_u                                0x00000000   Number         0  printfstubs.o ABSOLUTE
    _printf_wc                               0x00000000   Number         0  printfstubs.o ABSOLUTE
    _printf_wctomb                           0x00000000   Number         0  printfstubs.o ABSOLUTE
    _printf_widthprec                        0x00000000   Number         0  printfstubs.o ABSOLUTE
    _printf_x                                0x00000000   Number         0  printfstubs.o ABSOLUTE
    __cpp_initialize__aeabi_                  - Undefined Weak Reference
    __cxa_finalize                            - Undefined Weak Reference
    __decompress                              - Undefined Weak Reference
    _clock_init                               - Undefined Weak Reference
    _microlib_exit                            - Undefined Weak Reference
    __Vectors_Size                           0x000000ec   Number         0  startup_stm32f10x_md.o ABSOLUTE
    __Vectors                                0x08000000   Data           4  startup_stm32f10x_md.o(RESET)
    __Vectors_End                            0x080000ec   Data           0  startup_stm32f10x_md.o(RESET)
    __main                                   0x080000ed   Thumb Code     0  entry.o(.ARM.Collect$$$$00000000)
    _main_stk                                0x080000ed   Thumb Code     0  entry2.o(.ARM.Collect$$$$00000001)
    _main_scatterload                        0x080000f1   Thumb Code     0  entry5.o(.ARM.Collect$$$$00000004)
    __main_after_scatterload                 0x080000f5   Thumb Code     0  entry5.o(.ARM.Collect$$$$00000004)
    _main_clock                              0x080000f5   Thumb Code     0  entry7b.o(.ARM.Collect$$$$00000008)
    _main_cpp_init                           0x080000f5   Thumb Code     0  entry8b.o(.ARM.Collect$$$$0000000A)
    _main_init                               0x080000f5   Thumb Code     0  entry9a.o(.ARM.Collect$$$$0000000B)
    __rt_final_cpp                           0x080000fd   Thumb Code     0  entry10a.o(.ARM.Collect$$$$0000000D)
    __rt_final_exit                          0x080000fd   Thumb Code     0  entry11a.o(.ARM.Collect$$$$0000000F)
    Reset_Handler                            0x08000101   Thumb Code     8  startup_stm32f10x_md.o(.text)
    ADC1_2_IRQHandler                        0x0800011b   Thumb Code     0  startup_stm32f10x_md.o(.text)
    CAN1_RX1_IRQHandler                      0x0800011b   Thumb Code     0  startup_stm32f10x_md.o(.text)
    CAN1_SCE_IRQHandler                      0x0800011b   Thumb Code     0  startup_stm32f10x_md.o(.text)
    DMA1_Channel1_IRQHandler                 0x0800011b   Thumb Code     0  startup_stm32f10x_md.o(.text)
    DMA1_Channel2_IRQHandler                 0x0800011b   Thumb Code     0  startup_stm32f10x_md.o(.text)
    DMA1_Channel3_IRQHandler                 0x0800011b   Thumb Code     0  startup_stm32f10x_md.o(.text)
    DMA1_Channel4_IRQHandler                 0x0800011b   Thumb Code     0  startup_stm32f10x_md.o(.text)
    DMA1_Channel5_IRQHandler                 0x0800011b   Thumb Code     0  startup_stm32f10x_md.o(.text)
    DMA1_Channel6_IRQHandler                 0x0800011b   Thumb Code     0  startup_stm32f10x_md.o(.text)
    DMA1_Channel7_IRQHandler                 0x0800011b   Thumb Code     0  startup_stm32f10x_md.o(.text)
    EXTI0_IRQHandler                         0x0800011b   Thumb Code     0  startup_stm32f10x_md.o(.text)
    EXTI1_IRQHandler                         0x0800011b   Thumb Code     0  startup_stm32f10x_md.o(.text)
    EXTI2_IRQHandler                         0x0800011b   Thumb Code     0  startup_stm32f10x_md.o(.text)
    EXTI3_IRQHandler                         0x0800011b   Thumb Code     0  startup_stm32f10x_md.o(.text)
    EXTI4_IRQHandler                         0x0800011b   Thumb Code     0  startup_stm32f10x_md.o(.text)
    EXTI9_5_IRQHandler                       0x0800011b   Thumb Code     0  startup_stm32f10x_md.o(.text)
    FLASH_IRQHandler                         0x0800011b   Thumb Code     0  startup_stm32f10x_md.o(.text)
    I2C1_ER_IRQHandler                       0x0800011b   Thumb Code     0  startup_stm32f10x_md.o(.text)
    I2C1_EV_IRQHandler                       0x0800011b   Thumb Code     0  startup_stm32f10x_md.o(.text)
    I2C2_ER_IRQHandler                       0x0800011b   Thumb Code     0  startup_stm32f10x_md.o(.text)
    I2C2_EV_IRQHandler                       0x0800011b   Thumb Code     0  startup_stm32f10x_md.o(.text)
    PVD_IRQHandler                           0x0800011b   Thumb Code     0  startup_stm32f10x_md.o(.text)
    RCC_IRQHandler                           0x0800011b   Thumb Code     0  startup_stm32f10x_md.o(.text)
    RTCAlarm_IRQHandler                      0x0800011b   Thumb Code     0  startup_stm32f10x_md.o(.text)
    RTC_IRQHandler                           0x0800011b   Thumb Code     0  startup_stm32f10x_md.o(.text)
    SPI1_IRQHandler                          0x0800011b   Thumb Code     0  startup_stm32f10x_md.o(.text)
    SPI2_IRQHandler                          0x0800011b   Thumb Code     0  startup_stm32f10x_md.o(.text)
    TAMPER_IRQHandler                        0x0800011b   Thumb Code     0  startup_stm32f10x_md.o(.text)
    TIM1_BRK_IRQHandler                      0x0800011b   Thumb Code     0  startup_stm32f10x_md.o(.text)
    TIM1_CC_IRQHandler                       0x0800011b   Thumb Code     0  startup_stm32f10x_md.o(.text)
    TIM1_TRG_COM_IRQHandler                  0x0800011b   Thumb Code     0  startup_stm32f10x_md.o(.text)
    TIM1_UP_IRQHandler                       0x0800011b   Thumb Code     0  startup_stm32f10x_md.o(.text)
    TIM2_IRQHandler                          0x0800011b   Thumb Code     0  startup_stm32f10x_md.o(.text)
    TIM3_IRQHandler                          0x0800011b   Thumb Code     0  startup_stm32f10x_md.o(.text)
    TIM4_IRQHandler                          0x0800011b   Thumb Code     0  startup_stm32f10x_md.o(.text)
    USART1_IRQHandler                        0x0800011b   Thumb Code     0  startup_stm32f10x_md.o(.text)
    USART2_IRQHandler                        0x0800011b   Thumb Code     0  startup_stm32f10x_md.o(.text)
    USART3_IRQHandler                        0x0800011b   Thumb Code     0  startup_stm32f10x_md.o(.text)
    USBWakeUp_IRQHandler                     0x0800011b   Thumb Code     0  startup_stm32f10x_md.o(.text)
    USB_HP_CAN1_TX_IRQHandler                0x0800011b   Thumb Code     0  startup_stm32f10x_md.o(.text)
    USB_LP_CAN1_RX0_IRQHandler               0x0800011b   Thumb Code     0  startup_stm32f10x_md.o(.text)
    WWDG_IRQHandler                          0x0800011b   Thumb Code     0  startup_stm32f10x_md.o(.text)
    rand                                     0x08000125   Thumb Code    20  rand.o(.text)
    srand                                    0x08000139   Thumb Code     6  rand.o(.text)
    __aeabi_memcpy                           0x08000149   Thumb Code    36  memcpya.o(.text)
    __aeabi_memcpy4                          0x08000149   Thumb Code     0  memcpya.o(.text)
    __aeabi_memcpy8                          0x08000149   Thumb Code     0  memcpya.o(.text)
    __aeabi_memset                           0x0800016d   Thumb Code    14  memseta.o(.text)
    __aeabi_memset4                          0x0800016d   Thumb Code     0  memseta.o(.text)
    __aeabi_memset8                          0x0800016d   Thumb Code     0  memseta.o(.text)
    __aeabi_memclr                           0x0800017b   Thumb Code     4  memseta.o(.text)
    __aeabi_memclr4                          0x0800017b   Thumb Code     0  memseta.o(.text)
    __aeabi_memclr8                          0x0800017b   Thumb Code     0  memseta.o(.text)
    _memset$wrapper                          0x0800017f   Thumb Code    18  memseta.o(.text)
    strlen                                   0x08000191   Thumb Code    14  strlen.o(.text)
    strcmp                                   0x0800019f   Thumb Code    28  strcmp.o(.text)
    __aeabi_fadd                             0x080001bb   Thumb Code   164  fadd.o(.text)
    __aeabi_fsub                             0x0800025f   Thumb Code     6  fadd.o(.text)
    __aeabi_frsub                            0x08000265   Thumb Code     6  fadd.o(.text)
    __aeabi_fmul                             0x0800026b   Thumb Code   100  fmul.o(.text)
    __aeabi_fdiv                             0x080002cf   Thumb Code   124  fdiv.o(.text)
    __aeabi_fcmple                           0x0800034b   Thumb Code    28  fcmple.o(.text)
    __aeabi_fcmplt                           0x08000367   Thumb Code    28  fcmplt.o(.text)
    __aeabi_fcmpge                           0x08000383   Thumb Code    28  fcmpge.o(.text)
    __aeabi_fcmpgt                           0x0800039f   Thumb Code    28  fcmpgt.o(.text)
    __aeabi_i2f                              0x080003bb   Thumb Code    18  fflti.o(.text)
    __aeabi_f2iz                             0x080003cd   Thumb Code    50  ffixi.o(.text)
    __aeabi_f2d                              0x080003ff   Thumb Code    38  f2d.o(.text)
    __aeabi_uidiv                            0x08000425   Thumb Code     0  uidiv.o(.text)
    __aeabi_uidivmod                         0x08000425   Thumb Code    44  uidiv.o(.text)
    __aeabi_uldivmod                         0x08000451   Thumb Code    98  uldiv.o(.text)
    __I$use$fp                               0x080004b3   Thumb Code     0  iusefp.o(.text)
    _float_round                             0x080004b3   Thumb Code    18  fepilogue.o(.text)
    _float_epilogue                          0x080004c5   Thumb Code    92  fepilogue.o(.text)
    __aeabi_dadd                             0x08000521   Thumb Code   322  dadd.o(.text)
    __aeabi_dsub                             0x08000663   Thumb Code     6  dadd.o(.text)
    __aeabi_drsub                            0x08000669   Thumb Code     6  dadd.o(.text)
    __aeabi_dmul                             0x0800066f   Thumb Code   228  dmul.o(.text)
    __aeabi_ddiv                             0x08000753   Thumb Code   222  ddiv.o(.text)
    __aeabi_d2ulz                            0x08000831   Thumb Code    48  dfixul.o(.text)
    __aeabi_cdrcmple                         0x08000861   Thumb Code    48  cdrcmple.o(.text)
    __scatterload                            0x08000891   Thumb Code    38  init.o(.text)
    __scatterload_rt2                        0x08000891   Thumb Code     0  init.o(.text)
    __aeabi_llsl                             0x080008c1   Thumb Code    30  llshl.o(.text)
    _ll_shift_l                              0x080008c1   Thumb Code     0  llshl.o(.text)
    __aeabi_llsr                             0x080008df   Thumb Code    32  llushr.o(.text)
    _ll_ushift_r                             0x080008df   Thumb Code     0  llushr.o(.text)
    __aeabi_lasr                             0x080008ff   Thumb Code    36  llsshr.o(.text)
    _ll_sshift_r                             0x080008ff   Thumb Code     0  llsshr.o(.text)
    _double_round                            0x08000923   Thumb Code    30  depilogue.o(.text)
    _double_epilogue                         0x08000941   Thumb Code   156  depilogue.o(.text)
    App_install                              0x080009dd   Thumb Code    52  appmanager.o(.text.App_install)
    BusFault_Handler                         0x08000a4d   Thumb Code     2  stm32f10x_it.o(.text.BusFault_Handler)
    DebugMon_Handler                         0x08000a5d   Thumb Code     2  stm32f10x_it.o(.text.DebugMon_Handler)
    Delay_ms                                 0x08000a61   Thumb Code    62  delay.o(.text.Delay_ms)
    Draw_MenuInfo                            0x08001111   Thumb Code   164  dinosaur.o(.text.Draw_MenuInfo)
    EXTI15_10_IRQHandler                     0x080011d5   Thumb Code    90  key.o(.text.EXTI15_10_IRQHandler)
    EXTI_ClearITPendingBit                   0x08001231   Thumb Code    12  stm32f10x_exti.o(.text.EXTI_ClearITPendingBit)
    EXTI_GetITStatus                         0x0800123d   Thumb Code    30  stm32f10x_exti.o(.text.EXTI_GetITStatus)
    EXTI_Init                                0x0800125d   Thumb Code   104  stm32f10x_exti.o(.text.EXTI_Init)
    Encoder_GetCount                         0x080012c5   Thumb Code    16  encoder.o(.text.Encoder_GetCount)
    Encoder_SetCount                         0x08001389   Thumb Code    14  encoder.o(.text.Encoder_SetCount)
    GPIO_EXTILineConfig                      0x08001399   Thumb Code    46  stm32f10x_gpio.o(.text.GPIO_EXTILineConfig)
    GPIO_Init                                0x080013c9   Thumb Code   192  stm32f10x_gpio.o(.text.GPIO_Init)
    GPIO_ReadInputDataBit                    0x08001489   Thumb Code    10  stm32f10x_gpio.o(.text.GPIO_ReadInputDataBit)
    HardFault_Handler                        0x08001495   Thumb Code     2  stm32f10x_it.o(.text.HardFault_Handler)
    I2C_CheckEvent                           0x08001499   Thumb Code    22  stm32f10x_i2c.o(.text.I2C_CheckEvent)
    I2C_Cmd                                  0x080014b1   Thumb Code    18  stm32f10x_i2c.o(.text.I2C_Cmd)
    I2C_GenerateSTART                        0x080014c5   Thumb Code    20  stm32f10x_i2c.o(.text.I2C_GenerateSTART)
    I2C_GenerateSTOP                         0x080014d9   Thumb Code    20  stm32f10x_i2c.o(.text.I2C_GenerateSTOP)
    I2C_Init                                 0x080014ed   Thumb Code   202  stm32f10x_i2c.o(.text.I2C_Init)
    I2C_Send7bitAddress                      0x080015b9   Thumb Code    16  stm32f10x_i2c.o(.text.I2C_Send7bitAddress)
    I2C_SendData                             0x080015c9   Thumb Code     4  stm32f10x_i2c.o(.text.I2C_SendData)
    I2c_WriteData                            0x080015cd   Thumb Code   408  i2c.o(.text.I2c_WriteData)
    Is_KeyPressed                            0x08001775   Thumb Code    94  key.o(.text.Is_KeyPressed)
    KeyCode_Init                             0x080017d5   Thumb Code    26  key.o(.text.KeyCode_Init)
    MainSystem                               0x080018f9   Thumb Code  1264  appmanager.o(.text.MainSystem)
    MemManage_Handler                        0x08001de9   Thumb Code     2  stm32f10x_it.o(.text.MemManage_Handler)
    Module_AllInit                           0x08001ded   Thumb Code   184  module.o(.text.Module_AllInit)
    Module_Register                          0x08001f09   Thumb Code    20  module.o(.text.Module_Register)
    NMI_Handler                              0x08001f1d   Thumb Code     2  stm32f10x_it.o(.text.NMI_Handler)
    NVIC_Init                                0x08001f21   Thumb Code    94  misc.o(.text.NVIC_Init)
    NVIC_PriorityGroupConfig                 0x08001f81   Thumb Code    20  misc.o(.text.NVIC_PriorityGroupConfig)
    OLED_DrawFilledCircle                    0x08001f95   Thumb Code   396  oled.o(.text.OLED_DrawFilledCircle)
    Oled_ClearFrame                          0x08002121   Thumb Code    22  oled.o(.text.Oled_ClearFrame)
    Oled_DrawFilledRectangle                 0x08002139   Thumb Code    64  oled.o(.text.Oled_DrawFilledRectangle)
    Oled_DrawImage                           0x08002179   Thumb Code    28  oled.o(.text.Oled_DrawImage)
    Oled_DrawLine                            0x08002195   Thumb Code   456  oled.o(.text.Oled_DrawLine)
    Oled_DrawPixel                           0x0800235d   Thumb Code    56  oled.o(.text.Oled_DrawPixel)
    Oled_DrawString                          0x08002395   Thumb Code    76  oled.o(.text.Oled_DrawString)
    Oled_GramLayers_Mix                      0x080023e1   Thumb Code   136  oled.o(.text.Oled_GramLayers_Mix)
    Oled_SetBits                             0x080026a1   Thumb Code   176  oled.o(.text.Oled_SetBits)
    Oled_SetBits_Fine                        0x08002751   Thumb Code   270  oled.o(.text.Oled_SetBits_Fine)
    Oled_SetBlock                            0x08002861   Thumb Code   202  oled.o(.text.Oled_SetBlock)
    Oled_Set_GramLayers                      0x0800292d   Thumb Code    28  oled.o(.text.Oled_Set_GramLayers)
    Oled_ShowFrame                           0x08002955   Thumb Code   146  oled.o(.text.Oled_ShowFrame)
    PWM_Init                                 0x080029e9   Thumb Code   128  servo.o(.text.PWM_Init)
    PendSV_Handler                           0x08002a69   Thumb Code     2  stm32f10x_it.o(.text.PendSV_Handler)
    RCC_APB1PeriphClockCmd                   0x08002a6d   Thumb Code    24  stm32f10x_rcc.o(.text.RCC_APB1PeriphClockCmd)
    RCC_APB2PeriphClockCmd                   0x08002a85   Thumb Code    24  stm32f10x_rcc.o(.text.RCC_APB2PeriphClockCmd)
    RCC_GetClocksFreq                        0x08002a9d   Thumb Code   140  stm32f10x_rcc.o(.text.RCC_GetClocksFreq)
    SVC_Handler                              0x08002b31   Thumb Code     2  stm32f10x_it.o(.text.SVC_Handler)
    Servo_Init                               0x08002c95   Thumb Code     4  servo.o(.text.Servo_Init)
    Servo_SetAngle                           0x08002ca5   Thumb Code    50  servo.o(.text.Servo_SetAngle)
    SysTick_Handler                          0x08002cd9   Thumb Code     2  stm32f10x_it.o(.text.SysTick_Handler)
    SystemInit                               0x08002cdd   Thumb Code   272  system_stm32f10x.o(.text.SystemInit)
    TIM_Cmd                                  0x08002ded   Thumb Code    18  stm32f10x_tim.o(.text.TIM_Cmd)
    TIM_EncoderInterfaceConfig               0x08002e01   Thumb Code    48  stm32f10x_tim.o(.text.TIM_EncoderInterfaceConfig)
    TIM_GetCounter                           0x08002e31   Thumb Code     4  stm32f10x_tim.o(.text.TIM_GetCounter)
    TIM_ICInit                               0x08002e35   Thumb Code   670  stm32f10x_tim.o(.text.TIM_ICInit)
    TIM_ICStructInit                         0x080030d5   Thumb Code    12  stm32f10x_tim.o(.text.TIM_ICStructInit)
    TIM_InternalClockConfig                  0x080030e1   Thumb Code    10  stm32f10x_tim.o(.text.TIM_InternalClockConfig)
    TIM_OC2Init                              0x080030ed   Thumb Code   116  stm32f10x_tim.o(.text.TIM_OC2Init)
    TIM_OCStructInit                         0x08003161   Thumb Code    12  stm32f10x_tim.o(.text.TIM_OCStructInit)
    TIM_SetCompare2                          0x0800316d   Thumb Code     4  stm32f10x_tim.o(.text.TIM_SetCompare2)
    TIM_SetCounter                           0x08003171   Thumb Code     4  stm32f10x_tim.o(.text.TIM_SetCounter)
    TIM_TimeBaseInit                         0x08003175   Thumb Code   172  stm32f10x_tim.o(.text.TIM_TimeBaseInit)
    USART_Cmd                                0x08003221   Thumb Code    20  stm32f10x_usart.o(.text.USART_Cmd)
    USART_GetFlagStatus                      0x08003235   Thumb Code    10  stm32f10x_usart.o(.text.USART_GetFlagStatus)
    USART_Init                               0x08003241   Thumb Code   182  stm32f10x_usart.o(.text.USART_Init)
    USART_SendData                           0x080032f9   Thumb Code     8  stm32f10x_usart.o(.text.USART_SendData)
    UsageFault_Handler                       0x08003301   Thumb Code     2  stm32f10x_it.o(.text.UsageFault_Handler)
    fputc                                    0x08003305   Thumb Code    36  log.o(.text.fputc)
    main                                     0x08003329   Thumb Code    24  main.o(.text.main)
    __0printf                                0x08003375   Thumb Code    22  printfa.o(i.__0printf)
    __1printf                                0x08003375   Thumb Code     0  printfa.o(i.__0printf)
    __2printf                                0x08003375   Thumb Code     0  printfa.o(i.__0printf)
    __c89printf                              0x08003375   Thumb Code     0  printfa.o(i.__0printf)
    printf                                   0x08003375   Thumb Code     0  printfa.o(i.__0printf)
    __0sprintf                               0x08003395   Thumb Code    34  printfa.o(i.__0sprintf)
    __1sprintf                               0x08003395   Thumb Code     0  printfa.o(i.__0sprintf)
    __2sprintf                               0x08003395   Thumb Code     0  printfa.o(i.__0sprintf)
    __c89sprintf                             0x08003395   Thumb Code     0  printfa.o(i.__0sprintf)
    sprintf                                  0x08003395   Thumb Code     0  printfa.o(i.__0sprintf)
    __scatterload_copy                       0x080033bd   Thumb Code    14  handlers.o(i.__scatterload_copy)
    __scatterload_null                       0x080033cb   Thumb Code     2  handlers.o(i.__scatterload_null)
    __scatterload_zeroinit                   0x080033cd   Thumb Code    14  handlers.o(i.__scatterload_zeroinit)
    App_BaiDuYun_Icon                        0x08003cac   Data           8  appicon.o(.rodata.App_BaiDuYun_Icon)
    App_BaiDuYun_IconData                    0x08003cb4   Data         120  appicon.o(.rodata.App_BaiDuYun_IconData)
    App_Dinosaur_Icon                        0x08003d2c   Data           8  appicon.o(.rodata.App_Dinosaur_Icon)
    App_Dinosaur_IconData                    0x08003d34   Data         120  appicon.o(.rodata.App_Dinosaur_IconData)
    App_WeGame_Icon                          0x08003dac   Data           8  appicon.o(.rodata.App_WeGame_Icon)
    App_WeGame_IconData                      0x08003db4   Data         120  appicon.o(.rodata.App_WeGame_IconData)
    Dinosaur_BackLeg_Image                   0x08003e2c   Data           8  dinosaur.o(.rodata.Dinosaur_BackLeg_Image)
    Dinosaur_Crashed_Image                   0x08003e34   Data           8  dinosaur.o(.rodata.Dinosaur_Crashed_Image)
    Dinosaur_FrontLeg_Image                  0x08003e3c   Data           8  dinosaur.o(.rodata.Dinosaur_FrontLeg_Image)
    Dinosaur_Jump_Image                      0x08003e44   Data           8  dinosaur.o(.rodata.Dinosaur_Jump_Image)
    OLED_F8x16                               0x08003e4c   Data        1520  font.o(.rodata.OLED_F8x16)
    OLED_Font8x16                            0x0800443c   Data           8  font.o(.rodata.OLED_Font8x16)
    OLED_Font8x6                             0x08004444   Data           8  font.o(.rodata.OLED_Font8x6)
    Page_ArrowLeft                           0x0800444c   Data           8  appicon.o(.rodata.Page_ArrowLeft)
    Page_ArrowLeftData                       0x08004454   Data          20  appicon.o(.rodata.Page_ArrowLeftData)
    Page_ArrowRight                          0x08004468   Data           8  appicon.o(.rodata.Page_ArrowRight)
    Page_ArrowRightData                      0x08004470   Data          20  appicon.o(.rodata.Page_ArrowRightData)
    Time_Distance                            0x08004484   Data          38  dinosaur.o(.rodata.Time_Distance)
    Tree_Big_Image                           0x080044ac   Data           8  dinosaur.o(.rodata.Tree_Big_Image)
    Tree_Small_Image                         0x080044b4   Data           8  dinosaur.o(.rodata.Tree_Small_Image)
    ascii_8x6                                0x080044bc   Data         552  font.o(.rodata.ascii_8x6)
    dino_back_legData                        0x080046e4   Data          63  dinosaur.o(.rodata.dino_back_legData)
    dino_crashedData                         0x08004723   Data          63  dinosaur.o(.rodata.dino_crashedData)
    dino_front_legData                       0x08004762   Data          63  dinosaur.o(.rodata.dino_front_legData)
    dino_jumpsData                           0x080047a1   Data          63  dinosaur.o(.rodata.dino_jumpsData)
    tree_bigData                             0x08004898   Data          36  dinosaur.o(.rodata.tree_bigData)
    tree_smallData                           0x080048bc   Data           8  dinosaur.o(.rodata.tree_smallData)
    Region$$Table$$Base                      0x080048c4   Number         0  anon$$obj.o(Region$$Table)
    Region$$Table$$Limit                     0x080048e4   Number         0  anon$$obj.o(Region$$Table)
    __stdout                                 0x20000004   Data           4  stdout.o(.data)
    BaiDuYun                                 0x20000008   Data          24  appmanager.o(.data.BaiDuYun)
    DINO                                     0x20000020   Data          24  dinosaur.o(.data.DINO)
    Dinosaur_KeyCode                         0x20000038   Data           3  dinosaur.o(.data.Dinosaur_KeyCode)
    Encoder                                  0x2000003c   Data          16  encoder.o(.data.Encoder)
    KEY_BOARD                                0x20000050   Data          36  key.o(.data.KEY_BOARD)
    MPU6050                                  0x20000084   Data          16  mpu6050.o(.data.MPU6050)
    OLEN_GRAM                                0x20000094   Data           4  oled.o(.data.OLEN_GRAM)
    Oled_dev                                 0x200000a8   Data           8  oled.o(.data.Oled_dev)
    ServoContrl                              0x200000d0   Data          24  servocontrl.o(.data.ServoContrl)
    AppListHead                              0x20000120   Data           4  appmanager.o(.bss.AppListHead)
    Apps                                     0x20000124   Data           1  appmanager.o(.bss.Apps)
    ModuleListHead                           0x2000012c   Data          16  module.o(.bss.ModuleListHead)
    OLEN_GRAM0                               0x2000013c   Data        1024  oled.o(.bss.OLEN_GRAM0)
    OLEN_GRAM1                               0x2000053c   Data        1024  oled.o(.bss.OLEN_GRAM1)
    OLEN_GRAM2                               0x2000093c   Data        1024  oled.o(.bss.OLEN_GRAM2)
    __initial_sp                             0x20001140   Data           0  startup_stm32f10x_md.o(STACK)



==============================================================================

Memory Map of the image

  Image Entry point : 0x080000ed

  Load Region LR_IROM1 (Base: 0x08000000, Size: 0x00004a08, Max: 0x00010000, ABSOLUTE)

    Execution Region ER_IROM1 (Exec base: 0x08000000, Load base: 0x08000000, Size: 0x000048e4, Max: 0x00010000, ABSOLUTE)

    Exec Addr    Load Addr    Size         Type   Attr      Idx    E Section Name        Object

    0x08000000   0x08000000   0x000000ec   Data   RO         1489    RESET               startup_stm32f10x_md.o
    0x080000ec   0x080000ec   0x00000000   Code   RO         1510  * .ARM.Collect$$$$00000000  mc_w.l(entry.o)
    0x080000ec   0x080000ec   0x00000004   Code   RO         1807    .ARM.Collect$$$$00000001  mc_w.l(entry2.o)
    0x080000f0   0x080000f0   0x00000004   Code   RO         1810    .ARM.Collect$$$$00000004  mc_w.l(entry5.o)
    0x080000f4   0x080000f4   0x00000000   Code   RO         1812    .ARM.Collect$$$$00000008  mc_w.l(entry7b.o)
    0x080000f4   0x080000f4   0x00000000   Code   RO         1814    .ARM.Collect$$$$0000000A  mc_w.l(entry8b.o)
    0x080000f4   0x080000f4   0x00000008   Code   RO         1815    .ARM.Collect$$$$0000000B  mc_w.l(entry9a.o)
    0x080000fc   0x080000fc   0x00000000   Code   RO         1817    .ARM.Collect$$$$0000000D  mc_w.l(entry10a.o)
    0x080000fc   0x080000fc   0x00000000   Code   RO         1819    .ARM.Collect$$$$0000000F  mc_w.l(entry11a.o)
    0x080000fc   0x080000fc   0x00000004   Code   RO         1808    .ARM.Collect$$$$00002712  mc_w.l(entry2.o)
    0x08000100   0x08000100   0x00000024   Code   RO         1490    .text               startup_stm32f10x_md.o
    0x08000124   0x08000124   0x00000024   Code   RO         1513    .text               mc_w.l(rand.o)
    0x08000148   0x08000148   0x00000024   Code   RO         1516    .text               mc_w.l(memcpya.o)
    0x0800016c   0x0800016c   0x00000024   Code   RO         1518    .text               mc_w.l(memseta.o)
    0x08000190   0x08000190   0x0000000e   Code   RO         1520    .text               mc_w.l(strlen.o)
    0x0800019e   0x0800019e   0x0000001c   Code   RO         1522    .text               mc_w.l(strcmp.o)
    0x080001ba   0x080001ba   0x000000b0   Code   RO         1787    .text               mf_w.l(fadd.o)
    0x0800026a   0x0800026a   0x00000064   Code   RO         1789    .text               mf_w.l(fmul.o)
    0x080002ce   0x080002ce   0x0000007c   Code   RO         1791    .text               mf_w.l(fdiv.o)
    0x0800034a   0x0800034a   0x0000001c   Code   RO         1793    .text               mf_w.l(fcmple.o)
    0x08000366   0x08000366   0x0000001c   Code   RO         1795    .text               mf_w.l(fcmplt.o)
    0x08000382   0x08000382   0x0000001c   Code   RO         1797    .text               mf_w.l(fcmpge.o)
    0x0800039e   0x0800039e   0x0000001c   Code   RO         1799    .text               mf_w.l(fcmpgt.o)
    0x080003ba   0x080003ba   0x00000012   Code   RO         1801    .text               mf_w.l(fflti.o)
    0x080003cc   0x080003cc   0x00000032   Code   RO         1803    .text               mf_w.l(ffixi.o)
    0x080003fe   0x080003fe   0x00000026   Code   RO         1805    .text               mf_w.l(f2d.o)
    0x08000424   0x08000424   0x0000002c   Code   RO         1831    .text               mc_w.l(uidiv.o)
    0x08000450   0x08000450   0x00000062   Code   RO         1833    .text               mc_w.l(uldiv.o)
    0x080004b2   0x080004b2   0x00000000   Code   RO         1835    .text               mc_w.l(iusefp.o)
    0x080004b2   0x080004b2   0x0000006e   Code   RO         1836    .text               mf_w.l(fepilogue.o)
    0x08000520   0x08000520   0x0000014e   Code   RO         1838    .text               mf_w.l(dadd.o)
    0x0800066e   0x0800066e   0x000000e4   Code   RO         1840    .text               mf_w.l(dmul.o)
    0x08000752   0x08000752   0x000000de   Code   RO         1842    .text               mf_w.l(ddiv.o)
    0x08000830   0x08000830   0x00000030   Code   RO         1844    .text               mf_w.l(dfixul.o)
    0x08000860   0x08000860   0x00000030   Code   RO         1846    .text               mf_w.l(cdrcmple.o)
    0x08000890   0x08000890   0x00000030   Code   RO         1848    .text               mc_w.l(init.o)
    0x080008c0   0x080008c0   0x0000001e   Code   RO         1850    .text               mc_w.l(llshl.o)
    0x080008de   0x080008de   0x00000020   Code   RO         1852    .text               mc_w.l(llushr.o)
    0x080008fe   0x080008fe   0x00000024   Code   RO         1854    .text               mc_w.l(llsshr.o)
    0x08000922   0x08000922   0x000000ba   Code   RO         1856    .text               mf_w.l(depilogue.o)
    0x080009dc   0x080009dc   0x00000034   Code   RO           40    .text.App_install   appmanager.o
    0x08000a10   0x08000a10   0x0000003c   Code   RO           44    .text.BaiDuYun_App_Install  appmanager.o
    0x08000a4c   0x08000a4c   0x00000002   Code   RO         1427    .text.BusFault_Handler  stm32f10x_it.o
    0x08000a4e   0x08000a4e   0x00000002   PAD
    0x08000a50   0x08000a50   0x0000000c   Code   RO            6    .text.DINO_App_Install  dinosaur.o
    0x08000a5c   0x08000a5c   0x00000002   Code   RO         1433    .text.DebugMon_Handler  stm32f10x_it.o
    0x08000a5e   0x08000a5e   0x00000002   PAD
    0x08000a60   0x08000a60   0x0000003e   Code   RO         1448    .text.Delay_ms      delay.o
    0x08000a9e   0x08000a9e   0x00000002   PAD
    0x08000aa0   0x08000aa0   0x00000670   Code   RO            4    .text.Dinosaur_AppStart  dinosaur.o
    0x08001110   0x08001110   0x000000bc   Code   RO            2    .text.Draw_MenuInfo  dinosaur.o
    0x080011cc   0x080011cc   0x00000002   Code   RO           38    .text.END           appmanager.o
    0x080011ce   0x080011ce   0x00000002   PAD
    0x080011d0   0x080011d0   0x00000002   Code   RO          259    .text.END           module.o
    0x080011d2   0x080011d2   0x00000002   PAD
    0x080011d4   0x080011d4   0x0000005a   Code   RO          168    .text.EXTI15_10_IRQHandler  key.o
    0x0800122e   0x0800122e   0x00000002   PAD
    0x08001230   0x08001230   0x0000000c   Code   RO          632    .text.EXTI_ClearITPendingBit  stm32f10x_exti.o
    0x0800123c   0x0800123c   0x0000001e   Code   RO          630    .text.EXTI_GetITStatus  stm32f10x_exti.o
    0x0800125a   0x0800125a   0x00000002   PAD
    0x0800125c   0x0800125c   0x00000068   Code   RO          620    .text.EXTI_Init     stm32f10x_exti.o
    0x080012c4   0x080012c4   0x00000010   Code   RO          187    .text.Encoder_GetCount  encoder.o
    0x080012d4   0x080012d4   0x000000a6   Code   RO          191    .text.Encoder_Init  encoder.o
    0x0800137a   0x0800137a   0x00000002   PAD
    0x0800137c   0x0800137c   0x0000000c   Code   RO          193    .text.Encoder_Module_Init  encoder.o
    0x08001388   0x08001388   0x0000000e   Code   RO          189    .text.Encoder_SetCount  encoder.o
    0x08001396   0x08001396   0x00000002   PAD
    0x08001398   0x08001398   0x0000002e   Code   RO          784    .text.GPIO_EXTILineConfig  stm32f10x_gpio.o
    0x080013c6   0x080013c6   0x00000002   PAD
    0x080013c8   0x080013c8   0x000000c0   Code   RO          756    .text.GPIO_Init     stm32f10x_gpio.o
    0x08001488   0x08001488   0x0000000a   Code   RO          760    .text.GPIO_ReadInputDataBit  stm32f10x_gpio.o
    0x08001492   0x08001492   0x00000002   PAD
    0x08001494   0x08001494   0x00000002   Code   RO         1423    .text.HardFault_Handler  stm32f10x_it.o
    0x08001496   0x08001496   0x00000002   PAD
    0x08001498   0x08001498   0x00000016   Code   RO          851    .text.I2C_CheckEvent  stm32f10x_i2c.o
    0x080014ae   0x080014ae   0x00000002   PAD
    0x080014b0   0x080014b0   0x00000012   Code   RO          803    .text.I2C_Cmd       stm32f10x_i2c.o
    0x080014c2   0x080014c2   0x00000002   PAD
    0x080014c4   0x080014c4   0x00000014   Code   RO          809    .text.I2C_GenerateSTART  stm32f10x_i2c.o
    0x080014d8   0x080014d8   0x00000014   Code   RO          811    .text.I2C_GenerateSTOP  stm32f10x_i2c.o
    0x080014ec   0x080014ec   0x000000ca   Code   RO          799    .text.I2C_Init      stm32f10x_i2c.o
    0x080015b6   0x080015b6   0x00000002   PAD
    0x080015b8   0x080015b8   0x00000010   Code   RO          827    .text.I2C_Send7bitAddress  stm32f10x_i2c.o
    0x080015c8   0x080015c8   0x00000004   Code   RO          823    .text.I2C_SendData  stm32f10x_i2c.o
    0x080015cc   0x080015cc   0x000001a8   Code   RO          279    .text.I2c_WriteData  i2c.o
    0x08001774   0x08001774   0x0000005e   Code   RO          164    .text.Is_KeyPressed  key.o
    0x080017d2   0x080017d2   0x00000002   PAD
    0x080017d4   0x080017d4   0x0000001a   Code   RO          162    .text.KeyCode_Init  key.o
    0x080017ee   0x080017ee   0x00000002   PAD
    0x080017f0   0x080017f0   0x00000066   Code   RO          172    .text.Key_Init      key.o
    0x08001856   0x08001856   0x00000002   PAD
    0x08001858   0x08001858   0x0000000c   Code   RO          170    .text.Key_Module_Init  key.o
    0x08001864   0x08001864   0x00000086   Code   RO          210    .text.MPU6050_Init  mpu6050.o
    0x080018ea   0x080018ea   0x00000002   PAD
    0x080018ec   0x080018ec   0x0000000c   Code   RO          212    .text.MPU6050_Module_Init  mpu6050.o
    0x080018f8   0x080018f8   0x000004f0   Code   RO           42    .text.MainSystem    appmanager.o
    0x08001de8   0x08001de8   0x00000002   Code   RO         1425    .text.MemManage_Handler  stm32f10x_it.o
    0x08001dea   0x08001dea   0x00000002   PAD
    0x08001dec   0x08001dec   0x0000011c   Code   RO          263    .text.Module_AllInit  module.o
    0x08001f08   0x08001f08   0x00000014   Code   RO          261    .text.Module_Register  module.o
    0x08001f1c   0x08001f1c   0x00000002   Code   RO         1421    .text.NMI_Handler   stm32f10x_it.o
    0x08001f1e   0x08001f1e   0x00000002   PAD
    0x08001f20   0x08001f20   0x0000005e   Code   RO          302    .text.NVIC_Init     misc.o
    0x08001f7e   0x08001f7e   0x00000002   PAD
    0x08001f80   0x08001f80   0x00000014   Code   RO          300    .text.NVIC_PriorityGroupConfig  misc.o
    0x08001f94   0x08001f94   0x0000018c   Code   RO          118    .text.OLED_DrawFilledCircle  oled.o
    0x08002120   0x08002120   0x00000016   Code   RO           94    .text.Oled_ClearFrame  oled.o
    0x08002136   0x08002136   0x00000002   PAD
    0x08002138   0x08002138   0x00000040   Code   RO          114    .text.Oled_DrawFilledRectangle  oled.o
    0x08002178   0x08002178   0x0000001c   Code   RO          120    .text.Oled_DrawImage  oled.o
    0x08002194   0x08002194   0x000001c8   Code   RO          112    .text.Oled_DrawLine  oled.o
    0x0800235c   0x0800235c   0x00000038   Code   RO          110    .text.Oled_DrawPixel  oled.o
    0x08002394   0x08002394   0x0000004c   Code   RO          124    .text.Oled_DrawString  oled.o
    0x080023e0   0x080023e0   0x00000088   Code   RO           98    .text.Oled_GramLayers_Mix  oled.o
    0x08002468   0x08002468   0x0000022a   Code   RO          128    .text.Oled_Init     oled.o
    0x08002692   0x08002692   0x00000002   PAD
    0x08002694   0x08002694   0x0000000c   Code   RO          126    .text.Oled_Module_Init  oled.o
    0x080026a0   0x080026a0   0x000000b0   Code   RO          106    .text.Oled_SetBits  oled.o
    0x08002750   0x08002750   0x0000010e   Code   RO          104    .text.Oled_SetBits_Fine  oled.o
    0x0800285e   0x0800285e   0x00000002   PAD
    0x08002860   0x08002860   0x000000ca   Code   RO          108    .text.Oled_SetBlock  oled.o
    0x0800292a   0x0800292a   0x00000002   PAD
    0x0800292c   0x0800292c   0x00000028   Code   RO           96    .text.Oled_Set_GramLayers  oled.o
    0x08002954   0x08002954   0x00000092   Code   RO           92    .text.Oled_ShowFrame  oled.o
    0x080029e6   0x080029e6   0x00000002   PAD
    0x080029e8   0x080029e8   0x00000080   Code   RO          232    .text.PWM_Init      servo.o
    0x08002a68   0x08002a68   0x00000002   Code   RO         1435    .text.PendSV_Handler  stm32f10x_it.o
    0x08002a6a   0x08002a6a   0x00000002   PAD
    0x08002a6c   0x08002a6c   0x00000018   Code   RO          963    .text.RCC_APB1PeriphClockCmd  stm32f10x_rcc.o
    0x08002a84   0x08002a84   0x00000018   Code   RO          961    .text.RCC_APB2PeriphClockCmd  stm32f10x_rcc.o
    0x08002a9c   0x08002a9c   0x0000008c   Code   RO          957    .text.RCC_GetClocksFreq  stm32f10x_rcc.o
    0x08002b28   0x08002b28   0x00000002   Code   RO           36    .text.START         appmanager.o
    0x08002b2a   0x08002b2a   0x00000002   PAD
    0x08002b2c   0x08002b2c   0x00000002   Code   RO          257    .text.START         module.o
    0x08002b2e   0x08002b2e   0x00000002   PAD
    0x08002b30   0x08002b30   0x00000002   Code   RO         1431    .text.SVC_Handler   stm32f10x_it.o
    0x08002b32   0x08002b32   0x00000002   PAD
    0x08002b34   0x08002b34   0x00000076   Code   RO          149    .text.Serial_Init   serial.o
    0x08002baa   0x08002baa   0x00000002   PAD
    0x08002bac   0x08002bac   0x0000000c   Code   RO          147    .text.Serial_Module_Init  serial.o
    0x08002bb8   0x08002bb8   0x000000d0   Code   RO           77    .text.ServoContrl_AppStart  servocontrl.o
    0x08002c88   0x08002c88   0x0000000c   Code   RO           79    .text.ServoContrl_App_Install  servocontrl.o
    0x08002c94   0x08002c94   0x00000004   Code   RO          234    .text.Servo_Init    servo.o
    0x08002c98   0x08002c98   0x0000000c   Code   RO          236    .text.Servo_Module_Init  servo.o
    0x08002ca4   0x08002ca4   0x00000032   Code   RO          230    .text.Servo_SetAngle  servo.o
    0x08002cd6   0x08002cd6   0x00000002   PAD
    0x08002cd8   0x08002cd8   0x00000002   Code   RO         1437    .text.SysTick_Handler  stm32f10x_it.o
    0x08002cda   0x08002cda   0x00000002   PAD
    0x08002cdc   0x08002cdc   0x00000110   Code   RO         1497    .text.SystemInit    system_stm32f10x.o
    0x08002dec   0x08002dec   0x00000012   Code   RO         1183    .text.TIM_Cmd       stm32f10x_tim.o
    0x08002dfe   0x08002dfe   0x00000002   PAD
    0x08002e00   0x08002e00   0x00000030   Code   RO         1213    .text.TIM_EncoderInterfaceConfig  stm32f10x_tim.o
    0x08002e30   0x08002e30   0x00000004   Code   RO         1311    .text.TIM_GetCounter  stm32f10x_tim.o
    0x08002e34   0x08002e34   0x0000029e   Code   RO         1161    .text.TIM_ICInit    stm32f10x_tim.o
    0x080030d2   0x080030d2   0x00000002   PAD
    0x080030d4   0x080030d4   0x0000000c   Code   RO         1179    .text.TIM_ICStructInit  stm32f10x_tim.o
    0x080030e0   0x080030e0   0x0000000a   Code   RO         1195    .text.TIM_InternalClockConfig  stm32f10x_tim.o
    0x080030ea   0x080030ea   0x00000002   PAD
    0x080030ec   0x080030ec   0x00000074   Code   RO         1155    .text.TIM_OC2Init   stm32f10x_tim.o
    0x08003160   0x08003160   0x0000000c   Code   RO         1177    .text.TIM_OCStructInit  stm32f10x_tim.o
    0x0800316c   0x0800316c   0x00000004   Code   RO         1295    .text.TIM_SetCompare2  stm32f10x_tim.o
    0x08003170   0x08003170   0x00000004   Code   RO         1289    .text.TIM_SetCounter  stm32f10x_tim.o
    0x08003174   0x08003174   0x000000ac   Code   RO         1151    .text.TIM_TimeBaseInit  stm32f10x_tim.o
    0x08003220   0x08003220   0x00000014   Code   RO         1341    .text.USART_Cmd     stm32f10x_usart.o
    0x08003234   0x08003234   0x0000000a   Code   RO         1381    .text.USART_GetFlagStatus  stm32f10x_usart.o
    0x0800323e   0x0800323e   0x00000002   PAD
    0x08003240   0x08003240   0x000000b6   Code   RO         1333    .text.USART_Init    stm32f10x_usart.o
    0x080032f6   0x080032f6   0x00000002   PAD
    0x080032f8   0x080032f8   0x00000008   Code   RO         1357    .text.USART_SendData  stm32f10x_usart.o
    0x08003300   0x08003300   0x00000002   Code   RO         1429    .text.UsageFault_Handler  stm32f10x_it.o
    0x08003302   0x08003302   0x00000002   PAD
    0x08003304   0x08003304   0x00000024   Code   RO         1460    .text.fputc         log.o
    0x08003328   0x08003328   0x0000004c   Code   RO         1479    .text.main          main.o
    0x08003374   0x08003374   0x00000020   Code   RO         1759    i.__0printf         mc_w.l(printfa.o)
    0x08003394   0x08003394   0x00000028   Code   RO         1761    i.__0sprintf        mc_w.l(printfa.o)
    0x080033bc   0x080033bc   0x0000000e   Code   RO         1860    i.__scatterload_copy  mc_w.l(handlers.o)
    0x080033ca   0x080033ca   0x00000002   Code   RO         1861    i.__scatterload_null  mc_w.l(handlers.o)
    0x080033cc   0x080033cc   0x0000000e   Code   RO         1862    i.__scatterload_zeroinit  mc_w.l(handlers.o)
    0x080033da   0x080033da   0x00000002   PAD
    0x080033dc   0x080033dc   0x00000184   Code   RO         1766    i._fp_digits        mc_w.l(printfa.o)
    0x08003560   0x08003560   0x000006dc   Code   RO         1767    i._printf_core      mc_w.l(printfa.o)
    0x08003c3c   0x08003c3c   0x00000024   Code   RO         1768    i._printf_post_padding  mc_w.l(printfa.o)
    0x08003c60   0x08003c60   0x0000002e   Code   RO         1769    i._printf_pre_padding  mc_w.l(printfa.o)
    0x08003c8e   0x08003c8e   0x0000000a   Code   RO         1771    i._sputc            mc_w.l(printfa.o)
    0x08003c98   0x08003c98   0x00000004   Data   RO          982    .rodata.ADCPrescTable  stm32f10x_rcc.o
    0x08003c9c   0x08003c9c   0x00000010   Data   RO          981    .rodata.APBAHBPrescTable  stm32f10x_rcc.o
    0x08003cac   0x08003cac   0x00000008   Data   RO           69    .rodata.App_BaiDuYun_Icon  appicon.o
    0x08003cb4   0x08003cb4   0x00000078   Data   RO           62    .rodata.App_BaiDuYun_IconData  appicon.o
    0x08003d2c   0x08003d2c   0x00000008   Data   RO           70    .rodata.App_Dinosaur_Icon  appicon.o
    0x08003d34   0x08003d34   0x00000078   Data   RO           61    .rodata.App_Dinosaur_IconData  appicon.o
    0x08003dac   0x08003dac   0x00000008   Data   RO           68    .rodata.App_WeGame_Icon  appicon.o
    0x08003db4   0x08003db4   0x00000078   Data   RO           63    .rodata.App_WeGame_IconData  appicon.o
    0x08003e2c   0x08003e2c   0x00000008   Data   RO           13    .rodata.Dinosaur_BackLeg_Image  dinosaur.o
    0x08003e34   0x08003e34   0x00000008   Data   RO            9    .rodata.Dinosaur_Crashed_Image  dinosaur.o
    0x08003e3c   0x08003e3c   0x00000008   Data   RO           11    .rodata.Dinosaur_FrontLeg_Image  dinosaur.o
    0x08003e44   0x08003e44   0x00000008   Data   RO           15    .rodata.Dinosaur_Jump_Image  dinosaur.o
    0x08003e4c   0x08003e4c   0x000005f0   Data   RO         1470    .rodata.OLED_F8x16  font.o
    0x0800443c   0x0800443c   0x00000008   Data   RO         1471    .rodata.OLED_Font8x16  font.o
    0x08004444   0x08004444   0x00000008   Data   RO         1473    .rodata.OLED_Font8x6  font.o
    0x0800444c   0x0800444c   0x00000008   Data   RO           66    .rodata.Page_ArrowLeft  appicon.o
    0x08004454   0x08004454   0x00000014   Data   RO           64    .rodata.Page_ArrowLeftData  appicon.o
    0x08004468   0x08004468   0x00000008   Data   RO           67    .rodata.Page_ArrowRight  appicon.o
    0x08004470   0x08004470   0x00000014   Data   RO           65    .rodata.Page_ArrowRightData  appicon.o
    0x08004484   0x08004484   0x00000026   Data   RO           20    .rodata.Time_Distance  dinosaur.o
    0x080044aa   0x080044aa   0x00000002   PAD
    0x080044ac   0x080044ac   0x00000008   Data   RO           19    .rodata.Tree_Big_Image  dinosaur.o
    0x080044b4   0x080044b4   0x00000008   Data   RO           17    .rodata.Tree_Small_Image  dinosaur.o
    0x080044bc   0x080044bc   0x00000228   Data   RO         1472    .rodata.ascii_8x6   font.o
    0x080046e4   0x080046e4   0x0000003f   Data   RO           12    .rodata.dino_back_legData  dinosaur.o
    0x08004723   0x08004723   0x0000003f   Data   RO            8    .rodata.dino_crashedData  dinosaur.o
    0x08004762   0x08004762   0x0000003f   Data   RO           10    .rodata.dino_front_legData  dinosaur.o
    0x080047a1   0x080047a1   0x0000003f   Data   RO           14    .rodata.dino_jumpsData  dinosaur.o
    0x080047e0   0x080047e0   0x0000000e   Data   RO           22    .rodata.str1.1      dinosaur.o
    0x080047ee   0x080047ee   0x00000009   Data   RO           50    .rodata.str1.1      appmanager.o
    0x080047f7   0x080047f7   0x0000000c   Data   RO           81    .rodata.str1.1      servocontrl.o
    0x08004803   0x08004803   0x00000005   Data   RO          137    .rodata.str1.1      oled.o
    0x08004808   0x08004808   0x00000007   Data   RO          153    .rodata.str1.1      serial.o
    0x0800480f   0x0800480f   0x00000004   Data   RO          178    .rodata.str1.1      key.o
    0x08004813   0x08004813   0x00000008   Data   RO          195    .rodata.str1.1      encoder.o
    0x0800481b   0x0800481b   0x00000008   Data   RO          215    .rodata.str1.1      mpu6050.o
    0x08004823   0x08004823   0x00000006   Data   RO          240    .rodata.str1.1      servo.o
    0x08004829   0x08004829   0x00000011   Data   RO          269    .rodata.str1.1      module.o
    0x0800483a   0x0800483a   0x0000005e   Data   RO          291    .rodata.str1.1      i2c.o
    0x08004898   0x08004898   0x00000024   Data   RO           18    .rodata.tree_bigData  dinosaur.o
    0x080048bc   0x080048bc   0x00000008   Data   RO           16    .rodata.tree_smallData  dinosaur.o
    0x080048c4   0x080048c4   0x00000020   Data   RO         1859    Region$$Table       anon$$obj.o


    Execution Region RW_IRAM1 (Exec base: 0x20000000, Load base: 0x080048e8, Size: 0x00001140, Max: 0x00005000, ABSOLUTE)

    Exec Addr    Load Addr    Size         Type   Attr      Idx    E Section Name        Object

    0x20000000   0x080048e8   0x00000004   Data   RW         1514    .data               mc_w.l(rand.o)
    0x20000004   0x080048ec   0x00000004   Data   RW         1821    .data               mc_w.l(stdout.o)
    0x20000008   0x080048f0   0x00000018   Data   RW           51    .data.BaiDuYun      appmanager.o
    0x20000020   0x08004908   0x00000018   Data   RW           23    .data.DINO          dinosaur.o
    0x20000038   0x08004920   0x00000003   Data   RW           21    .data.Dinosaur_KeyCode  dinosaur.o
    0x2000003b   0x08004923   0x00000001   PAD
    0x2000003c   0x08004924   0x00000010   Data   RW          196    .data.Encoder       encoder.o
    0x2000004c   0x08004934   0x00000004   Data   RW           26    .data.Get_RandomNum.RandNum  dinosaur.o
    0x20000050   0x08004938   0x00000024   Data   RW          174    .data.KEY_BOARD     key.o
    0x20000074   0x0800495c   0x00000010   Data   RW          177    .data.Key           key.o
    0x20000084   0x0800496c   0x00000010   Data   RW          216    .data.MPU6050       mpu6050.o
    0x20000094   0x0800497c   0x00000004   Data   RW          131    .data.OLEN_GRAM     oled.o
    0x20000098   0x08004980   0x00000010   Data   RW          136    .data.Oled          oled.o
    0x200000a8   0x08004990   0x00000008   Data   RW          132    .data.Oled_dev      oled.o
    0x200000b0   0x08004998   0x00000010   Data   RW          152    .data.Serial        serial.o
    0x200000c0   0x080049a8   0x00000010   Data   RW          239    .data.Servo         servo.o
    0x200000d0   0x080049b8   0x00000018   Data   RW           82    .data.ServoContrl   servocontrl.o
    0x200000e8   0x080049d0   0x00000004   Data   RW           46    app.0               appmanager.o
    0x200000ec   0x080049d4   0x00000004   Data   RW           24    app.1               dinosaur.o
    0x200000f0   0x080049d8   0x00000004   Data   RW           52    app.1               appmanager.o
    0x200000f4   0x080049dc   0x00000004   Data   RW           83    app.1               servocontrl.o
    0x200000f8   0x080049e0   0x00000004   Data   RW           47    app.2               appmanager.o
    0x200000fc   0x080049e4   0x00000004   Data   RW          265    module.0            module.o
    0x20000100   0x080049e8   0x00000004   Data   RW          151    module.1            serial.o
    0x20000104   0x080049ec   0x00000004   Data   RW          135    module.3            oled.o
    0x20000108   0x080049f0   0x00000004   Data   RW          175    module.3            key.o
    0x2000010c   0x080049f4   0x00000004   Data   RW          197    module.3            encoder.o
    0x20000110   0x080049f8   0x00000004   Data   RW          217    module.3            mpu6050.o
    0x20000114   0x080049fc   0x00000004   Data   RW          238    module.3            servo.o
    0x20000118   0x08004a00   0x00000004   Data   RW          266    module.4            module.o
    0x2000011c   0x08004a04   0x00000004   PAD
    0x20000120        -       0x00000004   Zero   RW           49    .bss.AppListHead    appmanager.o
    0x20000124        -       0x00000001   Zero   RW           48    .bss.Apps           appmanager.o
    0x20000125   0x08004a04   0x00000003   PAD
    0x20000128        -       0x00000004   Zero   RW           25    .bss.High_Score     dinosaur.o
    0x2000012c        -       0x00000010   Zero   RW          267    .bss.ModuleListHead  module.o
    0x2000013c        -       0x00000400   Zero   RW          130    .bss.OLEN_GRAM0     oled.o
    0x2000053c        -       0x00000400   Zero   RW          133    .bss.OLEN_GRAM1     oled.o
    0x2000093c        -       0x00000400   Zero   RW          134    .bss.OLEN_GRAM2     oled.o
    0x20000d3c        -       0x00000001   Zero   RW          268    .bss.SysInitOver    module.o
    0x20000d3d   0x08004a04   0x00000003   PAD
    0x20000d40        -       0x00000400   Zero   RW         1487    STACK               startup_stm32f10x_md.o


==============================================================================

Image component sizes


      Code (inc. data)   RO Data    RW Data    ZI Data      Debug   Object Name

         0          0        440          0          0        951   appicon.o
      1380          0          9         36          5       5197   appmanager.o
        62          0          0          0          0       1448   delay.o
      1848         64        396         35          4       7745   dinosaur.o
       208          0          8         20          0       3922   encoder.o
         0          0       2088          0          0        753   font.o
       424         16         94          0          0       5881   i2c.o
       324          0          4         56          0       4504   key.o
        36          0          0          0          0       1394   log.o
        76         52          0          0          0        556   main.o
       114          0          0          0          0       3147   misc.o
       308        100         17          8         17       1835   module.o
       146          0          8         20          0       3267   mpu6050.o
      2634         12          5         32       3072      18188   oled.o
       130          0          7         20          0       2731   serial.o
       194          0          6         20          0       4057   servo.o
       220         12         12         28          0       2001   servocontrl.o
        36          8        236          0       1024        796   startup_stm32f10x_md.o
       146          0          0          0          0       2727   stm32f10x_exti.o
       248          0          0          0          0       5854   stm32f10x_gpio.o
       302          0          0          0          0       9274   stm32f10x_i2c.o
        18          0          0          0          0        983   stm32f10x_it.o
       188          0         20          0          0       8208   stm32f10x_rcc.o
      1070          0          0          0          0      28890   stm32f10x_tim.o
       220          0          0          0          0       8582   stm32f10x_usart.o
       272          0          0          0          0       2532   system_stm32f10x.o

    ----------------------------------------------------------------------
     10684        264       3384        276       4132     135423   Object Totals
         0          0         32          0          0          0   (incl. Generated)
        80          0          2          1         10          0   (incl. Padding)

    ----------------------------------------------------------------------

      Code (inc. data)   RO Data    RW Data    ZI Data      Debug   Library Member Name

         0          0          0          0          0          0   entry.o
         0          0          0          0          0          0   entry10a.o
         0          0          0          0          0          0   entry11a.o
         8          4          0          0          0          0   entry2.o
         4          0          0          0          0          0   entry5.o
         0          0          0          0          0          0   entry7b.o
         0          0          0          0          0          0   entry8b.o
         8          4          0          0          0          0   entry9a.o
        30          0          0          0          0          0   handlers.o
        48         10          0          0          0         68   init.o
         0          0          0          0          0          0   iusefp.o
        30          0          0          0          0         68   llshl.o
        36          0          0          0          0         68   llsshr.o
        32          0          0          0          0         68   llushr.o
        36          0          0          0          0         68   memcpya.o
        36          0          0          0          0        108   memseta.o
      2308         96          0          0          0        604   printfa.o
        36         10          0          4          0        136   rand.o
         0          0          0          4          0          0   stdout.o
        28          0          0          0          0         76   strcmp.o
        14          0          0          0          0         68   strlen.o
        44          0          0          0          0         80   uidiv.o
        98          0          0          0          0         92   uldiv.o
        48          0          0          0          0         68   cdrcmple.o
       334          0          0          0          0        148   dadd.o
       222          0          0          0          0        100   ddiv.o
       186          0          0          0          0        176   depilogue.o
        48          0          0          0          0         68   dfixul.o
       228          0          0          0          0         96   dmul.o
        38          0          0          0          0         68   f2d.o
       176          0          0          0          0        140   fadd.o
        28          0          0          0          0         68   fcmpge.o
        28          0          0          0          0         68   fcmpgt.o
        28          0          0          0          0         68   fcmple.o
        28          0          0          0          0         68   fcmplt.o
       124          0          0          0          0         88   fdiv.o
       110          0          0          0          0        168   fepilogue.o
        50          0          0          0          0         68   ffixi.o
        18          0          0          0          0         68   fflti.o
       100          0          0          0          0         76   fmul.o

    ----------------------------------------------------------------------
      4592        124          0          8          0       3108   Library Totals
         2          0          0          0          0          0   (incl. Padding)

    ----------------------------------------------------------------------

      Code (inc. data)   RO Data    RW Data    ZI Data      Debug   Library Name

      2796        124          0          8          0       1504   mc_w.l
      1794          0          0          0          0       1604   mf_w.l

    ----------------------------------------------------------------------
      4592        124          0          8          0       3108   Library Totals

    ----------------------------------------------------------------------

==============================================================================


      Code (inc. data)   RO Data    RW Data    ZI Data      Debug   

     15276        388       3384        284       4132     136527   Grand Totals
     15276        388       3384        284       4132     136527   ELF Image Totals
     15276        388       3384        284          0          0   ROM Totals

==============================================================================

    Total RO  Size (Code + RO Data)                18660 (  18.22kB)
    Total RW  Size (RW Data + ZI Data)              4416 (   4.31kB)
    Total ROM Size (Code + RO Data + RW Data)      18944 (  18.50kB)

==============================================================================

